Archive member included to satisfy reference by file (symbol)

/usr/lib/gcc/arm-none-eabi/12.2.1/thumb/v6-m/nofp/libgcc.a(_dvmd_tls.o)
                              CMakeFiles/smart_light.dir/home/pininsu/.pico-sdk/sdk/2.1.1/src/rp2_common/pico_divider/divider_hardware.S.o (__aeabi_idiv0)
/usr/lib/gcc/arm-none-eabi/12.2.1/../../../arm-none-eabi/lib/thumb/v6-m/nofp/libg.a(lib_a-atexit.o)
                              /usr/lib/gcc/arm-none-eabi/12.2.1/../../../arm-none-eabi/lib/thumb/v6-m/nofp/crt0.o (atexit)
/usr/lib/gcc/arm-none-eabi/12.2.1/../../../arm-none-eabi/lib/thumb/v6-m/nofp/libg.a(lib_a-calloc.o)
                              CMakeFiles/smart_light.dir/home/pininsu/.pico-sdk/sdk/2.1.1/src/rp2_common/pico_malloc/malloc.c.o (calloc)
/usr/lib/gcc/arm-none-eabi/12.2.1/../../../arm-none-eabi/lib/thumb/v6-m/nofp/libg.a(lib_a-callocr.o)
                              /usr/lib/gcc/arm-none-eabi/12.2.1/../../../arm-none-eabi/lib/thumb/v6-m/nofp/libg.a(lib_a-calloc.o) (_calloc_r)
/usr/lib/gcc/arm-none-eabi/12.2.1/../../../arm-none-eabi/lib/thumb/v6-m/nofp/libg.a(lib_a-fini.o)
                              /usr/lib/gcc/arm-none-eabi/12.2.1/../../../arm-none-eabi/lib/thumb/v6-m/nofp/crt0.o (__libc_fini_array)
/usr/lib/gcc/arm-none-eabi/12.2.1/../../../arm-none-eabi/lib/thumb/v6-m/nofp/libg.a(lib_a-impure.o)
                              /usr/lib/gcc/arm-none-eabi/12.2.1/../../../arm-none-eabi/lib/thumb/v6-m/nofp/libg.a(lib_a-calloc.o) (_impure_ptr)
/usr/lib/gcc/arm-none-eabi/12.2.1/../../../arm-none-eabi/lib/thumb/v6-m/nofp/libg.a(lib_a-init.o)
                              /usr/lib/gcc/arm-none-eabi/12.2.1/../../../arm-none-eabi/lib/thumb/v6-m/nofp/crt0.o (__libc_init_array)
/usr/lib/gcc/arm-none-eabi/12.2.1/../../../arm-none-eabi/lib/thumb/v6-m/nofp/libg.a(lib_a-lcltime_r.o)
                              CMakeFiles/smart_light.dir/home/pininsu/.pico-sdk/sdk/2.1.1/src/common/pico_util/datetime.c.o (localtime_r)
/usr/lib/gcc/arm-none-eabi/12.2.1/../../../arm-none-eabi/lib/thumb/v6-m/nofp/libg.a(lib_a-malloc.o)
                              CMakeFiles/smart_light.dir/home/pininsu/.pico-sdk/sdk/2.1.1/src/rp2_common/pico_malloc/malloc.c.o (malloc)
/usr/lib/gcc/arm-none-eabi/12.2.1/../../../arm-none-eabi/lib/thumb/v6-m/nofp/libg.a(lib_a-mallocr.o)
                              /usr/lib/gcc/arm-none-eabi/12.2.1/../../../arm-none-eabi/lib/thumb/v6-m/nofp/libg.a(lib_a-callocr.o) (_malloc_r)
/usr/lib/gcc/arm-none-eabi/12.2.1/../../../arm-none-eabi/lib/thumb/v6-m/nofp/libg.a(lib_a-memcmp.o)
                              CMakeFiles/smart_light.dir/home/pininsu/.pico-sdk/sdk/2.1.1/src/rp2_common/pico_atomic/atomic.c.o (memcmp)
/usr/lib/gcc/arm-none-eabi/12.2.1/../../../arm-none-eabi/lib/thumb/v6-m/nofp/libg.a(lib_a-mktime.o)
                              CMakeFiles/smart_light.dir/home/pininsu/.pico-sdk/sdk/2.1.1/src/common/pico_util/datetime.c.o (mktime)
/usr/lib/gcc/arm-none-eabi/12.2.1/../../../arm-none-eabi/lib/thumb/v6-m/nofp/libg.a(lib_a-mlock.o)
                              /usr/lib/gcc/arm-none-eabi/12.2.1/../../../arm-none-eabi/lib/thumb/v6-m/nofp/libg.a(lib_a-mallocr.o) (__malloc_lock)
/usr/lib/gcc/arm-none-eabi/12.2.1/../../../arm-none-eabi/lib/thumb/v6-m/nofp/libg.a(lib_a-month_lengths.o)
                              /usr/lib/gcc/arm-none-eabi/12.2.1/../../../arm-none-eabi/lib/thumb/v6-m/nofp/libg.a(lib_a-lcltime_r.o) (__month_lengths)
/usr/lib/gcc/arm-none-eabi/12.2.1/../../../arm-none-eabi/lib/thumb/v6-m/nofp/libg.a(lib_a-realloc.o)
                              CMakeFiles/smart_light.dir/home/pininsu/.pico-sdk/sdk/2.1.1/src/rp2_common/pico_malloc/malloc.c.o (realloc)
/usr/lib/gcc/arm-none-eabi/12.2.1/../../../arm-none-eabi/lib/thumb/v6-m/nofp/libg.a(lib_a-reallocr.o)
                              /usr/lib/gcc/arm-none-eabi/12.2.1/../../../arm-none-eabi/lib/thumb/v6-m/nofp/libg.a(lib_a-realloc.o) (_realloc_r)
/usr/lib/gcc/arm-none-eabi/12.2.1/../../../arm-none-eabi/lib/thumb/v6-m/nofp/libg.a(lib_a-sbrkr.o)
                              /usr/lib/gcc/arm-none-eabi/12.2.1/../../../arm-none-eabi/lib/thumb/v6-m/nofp/libg.a(lib_a-mallocr.o) (_sbrk_r)
/usr/lib/gcc/arm-none-eabi/12.2.1/../../../arm-none-eabi/lib/thumb/v6-m/nofp/libg.a(lib_a-strlen-stub.o)
                              CMakeFiles/smart_light.dir/home/pininsu/.pico-sdk/sdk/2.1.1/src/rp2_common/pico_stdio/stdio.c.o (strlen)
/usr/lib/gcc/arm-none-eabi/12.2.1/../../../arm-none-eabi/lib/thumb/v6-m/nofp/libg.a(lib_a-tzcalc_limits.o)
                              /usr/lib/gcc/arm-none-eabi/12.2.1/../../../arm-none-eabi/lib/thumb/v6-m/nofp/libg.a(lib_a-lcltime_r.o) (__tzcalc_limits)
/usr/lib/gcc/arm-none-eabi/12.2.1/../../../arm-none-eabi/lib/thumb/v6-m/nofp/libg.a(lib_a-tzlock.o)
                              /usr/lib/gcc/arm-none-eabi/12.2.1/../../../arm-none-eabi/lib/thumb/v6-m/nofp/libg.a(lib_a-lcltime_r.o) (__tz_lock)
/usr/lib/gcc/arm-none-eabi/12.2.1/../../../arm-none-eabi/lib/thumb/v6-m/nofp/libg.a(lib_a-tzset.o)
[...]
Memory Configuration

Name             Origin             Length             Attributes
FLASH            0x10000000         0x00200000         xr
RAM              0x20000000         0x00040000         xrw
SCRATCH_X        0x20040000         0x00001000         xrw
SCRATCH_Y        0x20041000         0x00001000         xrw
*default*        0x00000000         0xffffffff

Linker script and memory map

LOAD /usr/lib/gcc/arm-none-eabi/12.2.1/thumb/v6-m/nofp/crti.o
LOAD /usr/lib/gcc/arm-none-eabi/12.2.1/thumb/v6-m/nofp/crtbegin.o
LOAD /usr/lib/gcc/arm-none-eabi/12.2.1/../../../arm-none-eabi/lib/thumb/v6-m/nofp/crt0.o

.flash_begin    0x10000000        0x0
                0x10000000                        __flash_binary_start = .

.boot2          0x10000000      0x100
                0x10000000                        __boot2_start__ = .
 *(.boot2)
 .boot2         0x10000000      0x100 pico-sdk/src/rp2040/boot_stage2/CMakeFiles/bs2_default_library.dir/bs2_default_padded_checksummed.S.o
                0x10000100                        __boot2_end__ = .
                0x00000001                        ASSERT (((__boot2_end__ - __boot2_start__) == 0x100), ERROR: Pico second stage bootloader must be 256 bytes in size)

.text           0x10000100     0x6fd8
                0x10000100                        __logical_binary_start = .
 *(.vectors)
 .vectors       0x10000100       0xd4 CMakeFiles/smart_light.dir/home/pininsu/.pico-sdk/sdk/2.1.1/src/rp2_common/pico_crt0/crt0.S.o
                0x10000100                __vectors
                0x10000100                __VECTOR_TABLE
                0x100001c0                isr_invalid
                0x100001c0                __default_isrs_start
                0x100001c2                isr_nmi
                0x100001c4                isr_hardfault
                0x100001c6                isr_svcall
                0x100001c8                isr_pendsv
                0x100001ca                isr_systick
                0x100001cc                isr_irq30
                0x100001cc                __unhandled_user_irq
                0x100001cc                isr_irq13
                0x100001cc                isr_irq27
                0x100001cc                isr_irq31
                0x100001cc                isr_irq5
                0x100001cc                isr_irq11
                0x100001cc                isr_irq23
                0x100001cc                isr_irq18
                0x100001cc                isr_irq28
                0x100001cc                isr_irq19
                0x100001cc                isr_irq0
                0x100001cc                isr_irq6
                0x100001cc                isr_irq22
                0x100001cc                isr_irq17
                0x100001cc                isr_irq14
                0x100001cc                isr_irq2
                0x100001cc                isr_irq10
                0x100001cc                isr_irq8
                0x100001cc                isr_irq24
                0x100001cc                isr_irq1
                0x100001cc                isr_irq7
                0x100001cc                isr_irq21
                0x100001cc                isr_irq20
                0x100001cc                isr_irq15
                0x100001cc                isr_irq25
                0x100001cc                isr_irq4
                0x100001cc                isr_irq16
                0x100001cc                isr_irq29
                0x100001cc                isr_irq26
                0x100001cc                __default_isrs_end
                0x100001cc                isr_irq3
                0x100001cc                isr_irq12
                0x100001cc                isr_irq9
                0x100001d2                unhandled_user_irq_num_in_r0
 *(.binary_info_header)
 .binary_info_header
                0x100001d4       0x14 CMakeFiles/smart_light.dir/home/pininsu/.pico-sdk/sdk/2.1.1/src/rp2_common/pico_crt0/crt0.S.o
                0x100001e8                        __binary_info_header_end = .
 *(.embedded_block)
                0x100001e8                        __embedded_block_end = .
 *(.reset)
 .reset         0x100001e8       0x9c CMakeFiles/smart_light.dir/home/pininsu/.pico-sdk/sdk/2.1.1/src/rp2_common/pico_crt0/crt0.S.o
                0x100001e8                _entry_point
 *(.init)
 .init          0x10000284        0x4 /usr/lib/gcc/arm-none-eabi/12.2.1/thumb/v6-m/nofp/crti.o
                0x10000284                _init
 *(EXCLUDE_FILE(*libm.a: *libc.a:*lib_a-mem*.o *libgcc.a:) .text*)
 .text          0x10000288       0x98 /usr/lib/gcc/arm-none-eabi/12.2.1/thumb/v6-m/nofp/crtbegin.o
 .text.startup.main
                0x10000320       0x2c CMakeFiles/smart_light.dir/core/main.c.o
                0x10000320                main
 .text.ws2812b_program_init
                0x1000034c       0xdc CMakeFiles/smart_light.dir/utilities/neopixel.c.o
                0x1000034c                ws2812b_program_init
 .text.np_init  0x10000428       0x80 CMakeFiles/smart_light.dir/utilities/neopixel.c.o
                0x10000428                np_init
 .text.np_set_led
                0x100004a8       0x18 CMakeFiles/smart_light.dir/utilities/neopixel.c.o
                0x100004a8                np_set_led
 .text.np_clear
                0x100004c0       0x38 CMakeFiles/smart_light.dir/utilities/neopixel.c.o
                0x100004c0                np_clear
 .text.np_write
                0x100004f8       0x58 CMakeFiles/smart_light.dir/utilities/neopixel.c.o
                0x100004f8                np_write
 .text.led_task
                0x10000550       0x60 CMakeFiles/smart_light.dir/tasks/led_task.c.o
                0x10000550                led_task
 .text.gpio_set_function
                0x100005b0       0x34 CMakeFiles/smart_light.dir/home/pininsu/.pico-sdk/sdk/2.1.1/src/rp2_common/hardware_gpio/gpio.c.o
                0x100005b0                gpio_set_function
 .text.rp2040_chip_version
                0x100005e4        0xc CMakeFiles/smart_light.dir/home/pininsu/.pico-sdk/sdk/2.1.1/src/rp2040/pico_platform/platform.c.o
                0x100005e4                rp2040_chip_version
 .text.panic    0x100005f0       0x30 CMakeFiles/smart_light.dir/home/pininsu/.pico-sdk/sdk/2.1.1/src/rp2_common/pico_platform_panic/panic.c.o
                0x100005f0                panic
 .text.panic_unsupported
                0x10000620        0xc CMakeFiles/smart_light.dir/home/pininsu/.pico-sdk/sdk/2.1.1/src/rp2_common/pico_platform_panic/panic.c.o
                0x10000620                panic_unsupported
 .text.hw_claim_lock
                0x1000062c       0x18 CMakeFiles/smart_light.dir/home/pininsu/.pico-sdk/sdk/2.1.1/src/common/hardware_claim/claim.c.o
                0x1000062c                hw_claim_lock
 .text.hw_claim_unlock
                0x10000644       0x14 CMakeFiles/smart_light.dir/home/pininsu/.pico-sdk/sdk/2.1.1/src/common/hardware_claim/claim.c.o
                0x10000644                hw_claim_unlock
 .text.hw_claim_or_assert
                0x10000658       0x44 CMakeFiles/smart_light.dir/home/pininsu/.pico-sdk/sdk/2.1.1/src/common/hardware_claim/claim.c.o
                0x10000658                hw_claim_or_assert
 .text.hw_claim_unused_from_range
                0x1000069c       0x9c CMakeFiles/smart_light.dir/home/pininsu/.pico-sdk/sdk/2.1.1/src/common/hardware_claim/claim.c.o
                0x1000069c                hw_claim_unused_from_range
 .text.next_striped_spin_lock_num
                0x10000738       0x18 CMakeFiles/smart_light.dir/home/pininsu/.pico-sdk/sdk/2.1.1/src/rp2_common/hardware_sync/sync.c.o
                0x10000738                next_striped_spin_lock_num
 .text.spin_lock_claim_unused
                0x10000750       0x24 CMakeFiles/smart_light.dir/home/pininsu/.pico-sdk/sdk/2.1.1/src/rp2_common/hardware_sync/sync.c.o
                0x10000750                spin_lock_claim_unused
 .text.spin_locks_reset
                0x10000774       0x1c CMakeFiles/smart_light.dir/home/pininsu/.pico-sdk/sdk/2.1.1/src/rp2_common/hardware_sync_spin_lock/sync_spin_lock.c.o
                0x10000774                spin_locks_reset
 .text.runtime_init_per_core_irq_priorities
                0x10000790       0x24 CMakeFiles/smart_light.dir/home/pininsu/.pico-sdk/sdk/2.1.1/src/rp2_common/hardware_irq/irq.c.o
                0x10000790                runtime_init_per_core_irq_priorities
 .text.irq_set_enabled
                0x100007b4       0x24 CMakeFiles/smart_light.dir/home/pininsu/.pico-sdk/sdk/2.1.1/src/rp2_common/hardware_irq/irq.c.o
                0x100007b4                irq_set_enabled
 .text.irq_is_enabled
                0x100007d8       0x18 CMakeFiles/smart_light.dir/home/pininsu/.pico-sdk/sdk/2.1.1/src/rp2_common/hardware_irq/irq.c.o
                0x100007d8                irq_is_enabled
 .text.irq_set_pending
                0x100007f0       0x10 CMakeFiles/smart_light.dir/home/pininsu/.pico-sdk/sdk/2.1.1/src/rp2_common/hardware_irq/irq.c.o
                0x100007f0                irq_set_pending
 .text.irq_has_shared_handler
                0x10000800       0x24 CMakeFiles/smart_light.dir/home/pininsu/.pico-sdk/sdk/2.1.1/src/rp2_common/hardware_irq/irq.c.o
                0x10000800                irq_has_shared_handler
 .text.irq_set_exclusive_handler
                0x10000824       0x54 CMakeFiles/smart_light.dir/home/pininsu/.pico-sdk/sdk/2.1.1/src/rp2_common/hardware_irq/irq.c.o
                0x10000824                irq_set_exclusive_handler
 .text.irq_add_shared_handler
                0x10000878      0x1f4 CMakeFiles/smart_light.dir/home/pininsu/.pico-sdk/sdk/2.1.1/src/rp2_common/hardware_irq/irq.c.o
                0x10000878                irq_add_shared_handler
 .text.irq_set_priority
                0x10000a6c       0x28 CMakeFiles/smart_light.dir/home/pininsu/.pico-sdk/sdk/2.1.1/src/rp2_common/hardware_irq/irq.c.o
                0x10000a6c                irq_set_priority
 .text.irq_add_tail_to_free_list
                0x10000a94       0xb4 CMakeFiles/smart_light.dir/home/pininsu/.pico-sdk/sdk/2.1.1/src/rp2_common/hardware_irq/irq.c.o
                0x10000a94                irq_add_tail_to_free_list
 .text.user_irq_claim_unused
                0x10000b48       0x2c CMakeFiles/smart_light.dir/home/pininsu/.pico-sdk/sdk/2.1.1/src/rp2_common/hardware_irq/irq.c.o
                0x10000b48                user_irq_claim_unused
 .text.lock_init
                0x10000b74       0x10 CMakeFiles/smart_light.dir/home/pininsu/.pico-sdk/sdk/2.1.1/src/common/pico_sync/lock_core.c.o
                0x10000b74                lock_init
 .text.runtime_init_mutex
                0x10000b84       0x68 CMakeFiles/smart_light.dir/home/pininsu/.pico-sdk/sdk/2.1.1/src/common/pico_sync/mutex.c.o
                0x10000b84                runtime_init_mutex
 .text.mutex_init
                0x10000bec       0x1c CMakeFiles/smart_light.dir/home/pininsu/.pico-sdk/sdk/2.1.1/src/common/pico_sync/mutex.c.o
                0x10000bec                mutex_init
 .text.critical_section_init
                0x10000c08       0x1c CMakeFiles/smart_light.dir/home/pininsu/.pico-sdk/sdk/2.1.1/src/common/pico_sync/critical_section.c.o
                0x10000c08                critical_section_init
 .text.critical_section_init_with_lock_num
                0x10000c24       0x14 CMakeFiles/smart_light.dir/home/pininsu/.pico-sdk/sdk/2.1.1/src/common/pico_sync/critical_section.c.o
                0x10000c24                critical_section_init_with_lock_num
 .text.alarm_pool_irq_handler
                0x10000c38      0x300 CMakeFiles/smart_light.dir/home/pininsu/.pico-sdk/sdk/2.1.1/src/common/pico_time/time.c.o
 .text.sleep_until_callback
                0x10000f38       0x24 CMakeFiles/smart_light.dir/home/pininsu/.pico-sdk/sdk/2.1.1/src/common/pico_time/time.c.o
 .text.runtime_init_default_alarm_pool
                0x10000f5c       0xdc CMakeFiles/smart_light.dir/home/pininsu/.pico-sdk/sdk/2.1.1/src/common/pico_time/time.c.o
                0x10000f5c                runtime_init_default_alarm_pool
 .text.alarm_pool_get_default
                0x10001038        0x8 CMakeFiles/smart_light.dir/home/pininsu/.pico-sdk/sdk/2.1.1/src/common/pico_time/time.c.o
                0x10001038                alarm_pool_get_default
 .text.alarm_pool_add_alarm_at
                0x10001040       0xd4 CMakeFiles/smart_light.dir/home/pininsu/.pico-sdk/sdk/2.1.1/src/common/pico_time/time.c.o
                0x10001040                alarm_pool_add_alarm_at
 .text.alarm_pool_add_alarm_at_force_in_context
                0x10001114       0xb0 CMakeFiles/smart_light.dir/home/pininsu/.pico-sdk/sdk/2.1.1/src/common/pico_time/time.c.o
                0x10001114                alarm_pool_add_alarm_at_force_in_context
 .text.alarm_pool_cancel_alarm
                0x100011c4       0x74 CMakeFiles/smart_light.dir/home/pininsu/.pico-sdk/sdk/2.1.1/src/common/pico_time/time.c.o
                0x100011c4                alarm_pool_cancel_alarm
 .text.alarm_pool_core_num
                0x10001238        0x4 CMakeFiles/smart_light.dir/home/pininsu/.pico-sdk/sdk/2.1.1/src/common/pico_time/time.c.o
                0x10001238                alarm_pool_core_num
 .text.sleep_until
                0x1000123c       0xcc CMakeFiles/smart_light.dir/home/pininsu/.pico-sdk/sdk/2.1.1/src/common/pico_time/time.c.o
                0x1000123c                sleep_until
 .text.sleep_us
                0x10001308       0x28 CMakeFiles/smart_light.dir/home/pininsu/.pico-sdk/sdk/2.1.1/src/common/pico_time/time.c.o
                0x10001308                sleep_us
 .text.best_effort_wfe_or_timeout
                0x10001330       0xfc CMakeFiles/smart_light.dir/home/pininsu/.pico-sdk/sdk/2.1.1/src/common/pico_time/time.c.o
                0x10001330                best_effort_wfe_or_timeout
 .text.timer_hardware_alarm_claim
                0x1000142c       0x14 CMakeFiles/smart_light.dir/home/pininsu/.pico-sdk/sdk/2.1.1/src/rp2_common/hardware_timer/timer.c.o
                0x1000142c                timer_hardware_alarm_claim
 .text.timer_time_us_64
                0x10001440       0x10 CMakeFiles/smart_light.dir/home/pininsu/.pico-sdk/sdk/2.1.1/src/rp2_common/hardware_timer/timer.c.o
                0x10001440                timer_time_us_64
 .text.time_us_64
                0x10001450       0x14 CMakeFiles/smart_light.dir/home/pininsu/.pico-sdk/sdk/2.1.1/src/rp2_common/hardware_timer/timer.c.o
                0x10001450                time_us_64
 .text.busy_wait_until
                0x10001464       0x20 CMakeFiles/smart_light.dir/home/pininsu/.pico-sdk/sdk/2.1.1/src/rp2_common/hardware_timer/timer.c.o
                0x10001464                busy_wait_until
 .text.clock_configure_int_divider
                0x10001484       0xf4 CMakeFiles/smart_light.dir/home/pininsu/.pico-sdk/sdk/2.1.1/src/rp2_common/hardware_clocks/clocks.c.o
                0x10001484                clock_configure_int_divider
 .text.clock_configure_undivided
                0x10001578       0xe8 CMakeFiles/smart_light.dir/home/pininsu/.pico-sdk/sdk/2.1.1/src/rp2_common/hardware_clocks/clocks.c.o
                0x10001578                clock_configure_undivided
 .text.clock_get_hz
                0x10001660        0xc CMakeFiles/smart_light.dir/home/pininsu/.pico-sdk/sdk/2.1.1/src/rp2_common/hardware_clocks/clocks.c.o
                0x10001660                clock_get_hz
 .text.pll_init
                0x1000166c       0xa0 CMakeFiles/smart_light.dir/home/pininsu/.pico-sdk/sdk/2.1.1/src/rp2_common/hardware_pll/pll.c.o
                0x1000166c                pll_init
 .text.watchdog_reboot
                0x1000170c       0x9c CMakeFiles/smart_light.dir/home/pininsu/.pico-sdk/sdk/2.1.1/src/rp2_common/hardware_watchdog/watchdog.c.o
                0x1000170c                watchdog_reboot
 .text.tick_start
                0x100017a8       0x10 CMakeFiles/smart_light.dir/home/pininsu/.pico-sdk/sdk/2.1.1/src/rp2_common/hardware_ticks/ticks.c.o
                0x100017a8                tick_start
 .text.rom_func_lookup
                0x100017b8       0x10 CMakeFiles/smart_light.dir/home/pininsu/.pico-sdk/sdk/2.1.1/src/rp2_common/pico_bootrom/bootrom.c.o
                0x100017b8                rom_func_lookup
 .text.rom_data_lookup
                0x100017c8       0x10 CMakeFiles/smart_light.dir/home/pininsu/.pico-sdk/sdk/2.1.1/src/rp2_common/pico_bootrom/bootrom.c.o
                0x100017c8                rom_data_lookup
 .text.rom_funcs_lookup
                0x100017d8       0x44 CMakeFiles/smart_light.dir/home/pininsu/.pico-sdk/sdk/2.1.1/src/rp2_common/pico_bootrom/bootrom.c.o
                0x100017d8                rom_funcs_lookup
 .text.rom_reset_usb_boot_extra
                0x1000181c       0x28 CMakeFiles/smart_light.dir/home/pininsu/.pico-sdk/sdk/2.1.1/src/rp2_common/pico_bootrom/bootrom.c.o
                0x1000181c                rom_reset_usb_boot_extra
 .text.xosc_init
                0x10001844       0x28 CMakeFiles/smart_light.dir/home/pininsu/.pico-sdk/sdk/2.1.1/src/rp2_common/hardware_xosc/xosc.c.o
                0x10001844                xosc_init
 .text.first_per_core_initializer
                0x1000186c        0x4 CMakeFiles/smart_light.dir/home/pininsu/.pico-sdk/sdk/2.1.1/src/rp2_common/pico_runtime/runtime.c.o
 .text.hard_assertion_failure
                0x10001870        0xc CMakeFiles/smart_light.dir/home/pininsu/.pico-sdk/sdk/2.1.1/src/rp2_common/pico_runtime/runtime.c.o
                0x10001870                hard_assertion_failure
 .text.runtime_run_initializers
                0x1000187c       0x28 CMakeFiles/smart_light.dir/home/pininsu/.pico-sdk/sdk/2.1.1/src/rp2_common/pico_runtime/runtime.c.o
                0x1000187c                runtime_run_initializers
 .text.runtime_init_early_resets
                0x100018a4       0x2c CMakeFiles/smart_light.dir/home/pininsu/.pico-sdk/sdk/2.1.1/src/rp2_common/pico_runtime_init/runtime_init.c.o
                0x100018a4                runtime_init_early_resets
 .text.runtime_init_usb_power_down
                0x100018d0       0x1c CMakeFiles/smart_light.dir/home/pininsu/.pico-sdk/sdk/2.1.1/src/rp2_common/pico_runtime_init/runtime_init.c.o
                0x100018d0                runtime_init_usb_power_down
 .text.runtime_init_post_clock_resets
                0x100018ec       0x20 CMakeFiles/smart_light.dir/home/pininsu/.pico-sdk/sdk/2.1.1/src/rp2_common/pico_runtime_init/runtime_init.c.o
                0x100018ec                runtime_init_post_clock_resets
 .text.runtime_init_rp2040_gpio_ie_disable
                0x1000190c       0x14 CMakeFiles/smart_light.dir/home/pininsu/.pico-sdk/sdk/2.1.1/src/rp2_common/pico_runtime_init/runtime_init.c.o
                0x1000190c                runtime_init_rp2040_gpio_ie_disable
 .text.runtime_init_spin_locks_reset
                0x10001920        0x8 CMakeFiles/smart_light.dir/home/pininsu/.pico-sdk/sdk/2.1.1/src/rp2_common/pico_runtime_init/runtime_init.c.o
                0x10001920                runtime_init_spin_locks_reset
 .text.runtime_init_install_ram_vector_table
                0x10001928       0x1c CMakeFiles/smart_light.dir/home/pininsu/.pico-sdk/sdk/2.1.1/src/rp2_common/pico_runtime_init/runtime_init.c.o
                0x10001928                runtime_init_install_ram_vector_table
 .text.runtime_init_clocks
                0x10001944       0xd8 CMakeFiles/smart_light.dir/home/pininsu/.pico-sdk/sdk/2.1.1/src/rp2_common/pico_runtime_init/runtime_init_clocks.c.o
                0x10001944                runtime_init_clocks
 .text          0x10001a1c       0x10 CMakeFiles/smart_light.dir/home/pininsu/.pico-sdk/sdk/2.1.1/src/rp2_common/pico_bit_ops/bit_ops_aeabi.S.o
 .text.__wrap___aeabi_uidiv
                0x10001a2c       0x4c CMakeFiles/smart_light.dir/home/pininsu/.pico-sdk/sdk/2.1.1/src/rp2_common/pico_divider/divider_hardware.S.o
                0x10001a2c                __wrap___aeabi_uidiv
                0x10001a2c                __wrap___aeabi_uidivmod
                0x10001a2c                div_u32u32
                0x10001a2c                divmod_u32u32
                0x10001a34                divmod_u32u32_unsafe
                0x10001a5c                divmod_u32u32_savestate
 .text.__wrap___aeabi_ldiv
                0x10001a78      0x424 CMakeFiles/smart_light.dir/home/pininsu/.pico-sdk/sdk/2.1.1/src/rp2_common/pico_divider/divider_hardware.S.o
                0x10001a78                div_s64s64
                0x10001a78                divmod_s64s64
                0x10001a78                __wrap___aeabi_ldivmod
                0x10001aa8                div_u64u64
                0x10001aa8                divmod_u64u64
                0x10001aa8                __wrap___aeabi_uldivmod
                0x10001ab8                divmod_u64u64_savestate
                0x10001ad8                divmod_s64s64_unsafe
                0x10001b60                divmod_u64u64_unsafe
 .text.__aeabi_double_init
                0x10001e9c       0xa4 CMakeFiles/smart_light.dir/home/pininsu/.pico-sdk/sdk/2.1.1/src/rp2_common/pico_double/double_init_rom_rp2040.c.o
                0x10001e9c                __aeabi_double_init
 .text.double_table_shim_on_use_helper
                0x10001f40       0x2c CMakeFiles/smart_light.dir/home/pininsu/.pico-sdk/sdk/2.1.1/src/rp2_common/pico_double/double_v1_rom_shim_rp2040.S.o
                0x10001f40                double_table_shim_on_use_helper
 .text.__aeabi_lmul
                0x10001f6c       0x32 CMakeFiles/smart_light.dir/home/pininsu/.pico-sdk/sdk/2.1.1/src/rp2_common/pico_int64_ops/pico_int64_ops_aeabi.S.o
                0x10001f6c                __wrap___aeabi_lmul
 *fill*         0x10001f9e        0x2 
 .text.__wrap___aeabi_farithmetic
                0x10001fa0       0x48 CMakeFiles/smart_light.dir/home/pininsu/.pico-sdk/sdk/2.1.1/src/rp2_common/pico_float/float_aeabi_rp2040.S.o
                0x10001fa0                __wrap___aeabi_frsub
                0x10001fa6                __wrap___aeabi_fsub
                0x10001fac                __wrap___aeabi_fadd
                0x10001fb2                __wrap___aeabi_fdiv
                0x10001fda                __wrap___aeabi_fmul
 .text.__wrap___aeabi_ui2f
                0x10001fe8        0xa CMakeFiles/smart_light.dir/home/pininsu/.pico-sdk/sdk/2.1.1/src/rp2_common/pico_float/float_aeabi_rp2040.S.o
                0x10001fe8                uint2float
                0x10001fe8                __wrap___aeabi_ui2f
 *fill*         0x10001ff2        0x2 
 .text.__wrap___aeabi_i2f
                0x10001ff4       0x44 CMakeFiles/smart_light.dir/home/pininsu/.pico-sdk/sdk/2.1.1/src/rp2_common/pico_float/float_aeabi_rp2040.S.o
                0x10001ff4                int2float
                0x10001ff4                __wrap___aeabi_i2f
 .text.__wrap___aeabi_f2uiz
                0x10002038        0xc CMakeFiles/smart_light.dir/home/pininsu/.pico-sdk/sdk/2.1.1/src/rp2_common/pico_float/float_aeabi_rp2040.S.o
                0x10002038                float2uint
                0x10002038                float2uint_z
                0x10002038                __wrap___aeabi_f2uiz
 .text.__aeabi_float_init
                0x10002044       0x64 CMakeFiles/smart_light.dir/home/pininsu/.pico-sdk/sdk/2.1.1/src/rp2_common/pico_float/float_init_rom_rp2040.c.o
                0x10002044                __aeabi_float_init
 .text.float_table_shim_on_use_helper
                0x100020a8       0x2c CMakeFiles/smart_light.dir/home/pininsu/.pico-sdk/sdk/2.1.1/src/rp2_common/pico_float/float_v1_rom_shim_rp2040.S.o
                0x100020a8                float_table_shim_on_use_helper
 .text          0x100020d4       0x10 CMakeFiles/smart_light.dir/home/pininsu/.pico-sdk/sdk/2.1.1/src/rp2_common/pico_mem_ops/mem_ops_aeabi.S.o
                0x100020d4                __aeabi_mem_init
 .text.memset   0x100020e4        0xc CMakeFiles/smart_light.dir/home/pininsu/.pico-sdk/sdk/2.1.1/src/rp2_common/pico_mem_ops/mem_ops_aeabi.S.o
                0x100020e4                __wrap_memset
 .text.memcpy   0x100020f0        0xc CMakeFiles/smart_light.dir/home/pininsu/.pico-sdk/sdk/2.1.1/src/rp2_common/pico_mem_ops/mem_ops_aeabi.S.o
                0x100020f0                __wrap___aeabi_memcpy
                0x100020f0                __wrap_memcpy
 .text._out_char
                0x100020fc       0x10 CMakeFiles/smart_light.dir/home/pininsu/.pico-sdk/sdk/2.1.1/src/rp2_common/pico_printf/printf.c.o
 .text.weak_raw_vprintf
                0x1000210c       0x30 CMakeFiles/smart_light.dir/home/pininsu/.pico-sdk/sdk/2.1.1/src/rp2_common/pico_printf/printf.c.o
                0x1000210c                weak_raw_vprintf
 .text._exit    0x1000213c        0x4 CMakeFiles/smart_light.dir/home/pininsu/.pico-sdk/sdk/2.1.1/src/rp2_common/pico_clib_interface/newlib_interface.c.o
                0x1000213c                _exit
 .text.exit     0x10002140        0x8 CMakeFiles/smart_light.dir/home/pininsu/.pico-sdk/sdk/2.1.1/src/rp2_common/pico_clib_interface/newlib_interface.c.o
                0x10002140                exit
 .text.runtime_init
                0x10002148       0x2c CMakeFiles/smart_light.dir/home/pininsu/.pico-sdk/sdk/2.1.1/src/rp2_common/pico_clib_interface/newlib_interface.c.o
                0x10002148                runtime_init
 .text.stdio_out_chars_no_crlf
                0x10002174       0x10 CMakeFiles/smart_light.dir/home/pininsu/.pico-sdk/sdk/2.1.1/src/rp2_common/pico_stdio/stdio.c.o
 .text.stdio_out_chars_crlf
                0x10002184       0xbc CMakeFiles/smart_light.dir/home/pininsu/.pico-sdk/sdk/2.1.1/src/rp2_common/pico_stdio/stdio.c.o
 .text.stdio_put_string
                0x10002240      0x100 CMakeFiles/smart_light.dir/home/pininsu/.pico-sdk/sdk/2.1.1/src/rp2_common/pico_stdio/stdio.c.o
                0x10002240                stdio_put_string
 .text.stdio_set_driver_enabled
                0x10002340       0x30 CMakeFiles/smart_light.dir/home/pininsu/.pico-sdk/sdk/2.1.1/src/rp2_common/pico_stdio/stdio.c.o
                0x10002340                stdio_set_driver_enabled
 .text.stdio_init_all
                0x10002370        0x8 CMakeFiles/smart_light.dir/home/pininsu/.pico-sdk/sdk/2.1.1/src/rp2_common/pico_stdio/stdio.c.o
                0x10002370                stdio_init_all
 .text.__wrap_putchar
                0x10002378       0x98 CMakeFiles/smart_light.dir/home/pininsu/.pico-sdk/sdk/2.1.1/src/rp2_common/pico_stdio/stdio.c.o
                0x10002378                stdio_putchar
                0x10002378                __wrap_putchar
 .text.__wrap_puts
                0x10002410       0x3c CMakeFiles/smart_light.dir/home/pininsu/.pico-sdk/sdk/2.1.1/src/rp2_common/pico_stdio/stdio.c.o
                0x10002410                __wrap_puts
                0x10002410                stdio_puts
 .text.resetd_init
                0x1000244c        0x4 CMakeFiles/smart_light.dir/home/pininsu/.pico-sdk/sdk/2.1.1/src/rp2_common/pico_stdio_usb/reset_interface.c.o
 .text.resetd_reset
                0x10002450        0xc CMakeFiles/smart_light.dir/home/pininsu/.pico-sdk/sdk/2.1.1/src/rp2_common/pico_stdio_usb/reset_interface.c.o
 .text.resetd_open
                0x1000245c       0x28 CMakeFiles/smart_light.dir/home/pininsu/.pico-sdk/sdk/2.1.1/src/rp2_common/pico_stdio_usb/reset_interface.c.o
 .text.resetd_xfer_cb
                0x10002484        0x4 CMakeFiles/smart_light.dir/home/pininsu/.pico-sdk/sdk/2.1.1/src/rp2_common/pico_stdio_usb/reset_interface.c.o
 .text.resetd_control_xfer_cb
                0x10002488       0x5c CMakeFiles/smart_light.dir/home/pininsu/.pico-sdk/sdk/2.1.1/src/rp2_common/pico_stdio_usb/reset_interface.c.o
 .text.tud_descriptor_bos_cb
                0x100024e4        0x8 CMakeFiles/smart_light.dir/home/pininsu/.pico-sdk/sdk/2.1.1/src/rp2_common/pico_stdio_usb/reset_interface.c.o
                0x100024e4                tud_descriptor_bos_cb
 .text.tud_vendor_control_xfer_cb
                0x100024ec       0x34 CMakeFiles/smart_light.dir/home/pininsu/.pico-sdk/sdk/2.1.1/src/rp2_common/pico_stdio_usb/reset_interface.c.o
                0x100024ec                tud_vendor_control_xfer_cb
 .text.usbd_app_driver_get_cb
                0x10002520        0xc CMakeFiles/smart_light.dir/home/pininsu/.pico-sdk/sdk/2.1.1/src/rp2_common/pico_stdio_usb/reset_interface.c.o
                0x10002520                usbd_app_driver_get_cb
 .text.tud_cdc_line_coding_cb
                0x1000252c       0x2c CMakeFiles/smart_light.dir/home/pininsu/.pico-sdk/sdk/2.1.1/src/rp2_common/pico_stdio_usb/reset_interface.c.o
                0x1000252c                tud_cdc_line_coding_cb
 .text.stdio_usb_set_chars_available_callback
                0x10002558       0x14 CMakeFiles/smart_light.dir/home/pininsu/.pico-sdk/sdk/2.1.1/src/rp2_common/pico_stdio_usb/stdio_usb.c.o
                0x10002558                stdio_usb_set_chars_available_callback
 .text.usb_irq  0x1000256c       0x10 CMakeFiles/smart_light.dir/home/pininsu/.pico-sdk/sdk/2.1.1/src/rp2_common/pico_stdio_usb/stdio_usb.c.o
 .text.timer_task
                0x1000257c       0x64 CMakeFiles/smart_light.dir/home/pininsu/.pico-sdk/sdk/2.1.1/src/rp2_common/pico_stdio_usb/stdio_usb.c.o
 .text.stdio_usb_in_chars
                0x100025e0       0x90 CMakeFiles/smart_light.dir/home/pininsu/.pico-sdk/sdk/2.1.1/src/rp2_common/pico_stdio_usb/stdio_usb.c.o
                0x100025e0                stdio_usb_in_chars
 .text.stdio_usb_out_flush
                0x10002670       0x50 CMakeFiles/smart_light.dir/home/pininsu/.pico-sdk/sdk/2.1.1/src/rp2_common/pico_stdio_usb/stdio_usb.c.o
 .text.stdio_usb_out_chars
                0x100026c0      0x104 CMakeFiles/smart_light.dir/home/pininsu/.pico-sdk/sdk/2.1.1/src/rp2_common/pico_stdio_usb/stdio_usb.c.o
 .text.low_priority_worker_irq
                0x100027c4       0xcc CMakeFiles/smart_light.dir/home/pininsu/.pico-sdk/sdk/2.1.1/src/rp2_common/pico_stdio_usb/stdio_usb.c.o
 .text.stdio_usb_init
                0x10002890       0xec CMakeFiles/smart_light.dir/home/pininsu/.pico-sdk/sdk/2.1.1/src/rp2_common/pico_stdio_usb/stdio_usb.c.o
                0x10002890                stdio_usb_init
 .text.tud_descriptor_device_cb
                0x1000297c        0x8 CMakeFiles/smart_light.dir/home/pininsu/.pico-sdk/sdk/2.1.1/src/rp2_common/pico_stdio_usb/stdio_usb_descriptors.c.o
                0x1000297c                tud_descriptor_device_cb
 .text.tud_descriptor_configuration_cb
                0x10002984        0x8 CMakeFiles/smart_light.dir/home/pininsu/.pico-sdk/sdk/2.1.1/src/rp2_common/pico_stdio_usb/stdio_usb_descriptors.c.o
                0x10002984                tud_descriptor_configuration_cb
 .text.tud_descriptor_string_cb
                0x1000298c       0x78 CMakeFiles/smart_light.dir/home/pininsu/.pico-sdk/sdk/2.1.1/src/rp2_common/pico_stdio_usb/stdio_usb_descriptors.c.o
                0x1000298c                tud_descriptor_string_cb
 .text.startup._retrieve_unique_id_on_boot
                0x10002a04       0x10 CMakeFiles/smart_light.dir/home/pininsu/.pico-sdk/sdk/2.1.1/src/rp2_common/pico_unique_id/unique_id.c.o
 .text.pico_get_unique_board_id_string
                0x10002a14      0x1a8 CMakeFiles/smart_light.dir/home/pininsu/.pico-sdk/sdk/2.1.1/src/rp2_common/pico_unique_id/unique_id.c.o
                0x10002a14                pico_get_unique_board_id_string
 .text.flash_get_unique_id
                0x10002bbc       0x40 CMakeFiles/smart_light.dir/home/pininsu/.pico-sdk/sdk/2.1.1/src/rp2_common/hardware_flash/flash.c.o
                0x10002bbc                flash_get_unique_id
 .text.dcd_init
                0x10002bfc       0x90 CMakeFiles/smart_light.dir/home/pininsu/.pico-sdk/sdk/2.1.1/lib/tinyusb/src/portable/raspberrypi/rp2040/dcd_rp2040.c.o
                0x10002bfc                dcd_init
 .text.dcd_int_enable
                0x10002c8c        0xc CMakeFiles/smart_light.dir/home/pininsu/.pico-sdk/sdk/2.1.1/lib/tinyusb/src/portable/raspberrypi/rp2040/dcd_rp2040.c.o
                0x10002c8c                dcd_int_enable
 .text.dcd_set_address
                0x10002c98       0x14 CMakeFiles/smart_light.dir/home/pininsu/.pico-sdk/sdk/2.1.1/lib/tinyusb/src/portable/raspberrypi/rp2040/dcd_rp2040.c.o
                0x10002c98                dcd_set_address
 .text.dcd_sof_enable
                0x10002cac       0x1c CMakeFiles/smart_light.dir/home/pininsu/.pico-sdk/sdk/2.1.1/lib/tinyusb/src/portable/raspberrypi/rp2040/dcd_rp2040.c.o
                0x10002cac                dcd_sof_enable
 .text.dcd_edpt0_status_complete
                0x10002cc8       0x1c CMakeFiles/smart_light.dir/home/pininsu/.pico-sdk/sdk/2.1.1/lib/tinyusb/src/portable/raspberrypi/rp2040/dcd_rp2040.c.o
                0x10002cc8                dcd_edpt0_status_complete
 .text.dcd_edpt_open
                0x10002ce4      0x114 CMakeFiles/smart_light.dir/home/pininsu/.pico-sdk/sdk/2.1.1/lib/tinyusb/src/portable/raspberrypi/rp2040/dcd_rp2040.c.o
                0x10002ce4                dcd_edpt_open
 .text.dcd_edpt_close_all
                0x10002df8        0x8 CMakeFiles/smart_light.dir/home/pininsu/.pico-sdk/sdk/2.1.1/lib/tinyusb/src/portable/raspberrypi/rp2040/dcd_rp2040.c.o
                0x10002df8                dcd_edpt_close_all
 .text.dcd_edpt_xfer
                0x10002e00       0x24 CMakeFiles/smart_light.dir/home/pininsu/.pico-sdk/sdk/2.1.1/lib/tinyusb/src/portable/raspberrypi/rp2040/dcd_rp2040.c.o
                0x10002e00                dcd_edpt_xfer
 .text.dcd_edpt_stall
                0x10002e24       0x38 CMakeFiles/smart_light.dir/home/pininsu/.pico-sdk/sdk/2.1.1/lib/tinyusb/src/portable/raspberrypi/rp2040/dcd_rp2040.c.o
                0x10002e24                dcd_edpt_stall
 .text.dcd_edpt_clear_stall
                0x10002e5c       0x30 CMakeFiles/smart_light.dir/home/pininsu/.pico-sdk/sdk/2.1.1/lib/tinyusb/src/portable/raspberrypi/rp2040/dcd_rp2040.c.o
                0x10002e5c                dcd_edpt_clear_stall
 .text.rp2040_usb_init
                0x10002e8c       0x40 CMakeFiles/smart_light.dir/home/pininsu/.pico-sdk/sdk/2.1.1/lib/tinyusb/src/portable/raspberrypi/rp2040/rp2040_usb.c.o
                0x10002e8c                rp2040_usb_init
 .text.hw_endpoint_xfer_start
                0x10002ecc       0x40 CMakeFiles/smart_light.dir/home/pininsu/.pico-sdk/sdk/2.1.1/lib/tinyusb/src/portable/raspberrypi/rp2040/rp2040_usb.c.o
                0x10002ecc                hw_endpoint_xfer_start
 .text.tud_event_hook_cb
                0x10002f0c        0x4 CMakeFiles/smart_light.dir/home/pininsu/.pico-sdk/sdk/2.1.1/lib/tinyusb/src/device/usbd.c.o
                0x10002f0c                tud_event_hook_cb
 .text.tud_sof_cb
                0x10002f10        0x4 CMakeFiles/smart_light.dir/home/pininsu/.pico-sdk/sdk/2.1.1/lib/tinyusb/src/device/usbd.c.o
                0x10002f10                tud_sof_cb
 .text.tud_descriptor_device_qualifier_cb
                0x10002f14        0x4 CMakeFiles/smart_light.dir/home/pininsu/.pico-sdk/sdk/2.1.1/lib/tinyusb/src/device/usbd.c.o
                0x10002f14                tud_descriptor_device_qualifier_cb
 .text.tud_descriptor_other_speed_configuration_cb
                0x10002f18        0x4 CMakeFiles/smart_light.dir/home/pininsu/.pico-sdk/sdk/2.1.1/lib/tinyusb/src/device/usbd.c.o
                0x10002f18                tud_descriptor_other_speed_configuration_cb
 .text.tud_mount_cb
                0x10002f1c        0x4 CMakeFiles/smart_light.dir/home/pininsu/.pico-sdk/sdk/2.1.1/lib/tinyusb/src/device/usbd.c.o
                0x10002f1c                tud_mount_cb
 .text.tud_umount_cb
                0x10002f20        0x4 CMakeFiles/smart_light.dir/home/pininsu/.pico-sdk/sdk/2.1.1/lib/tinyusb/src/device/usbd.c.o
                0x10002f20                tud_umount_cb
 .text.tud_suspend_cb
                0x10002f24        0x4 CMakeFiles/smart_light.dir/home/pininsu/.pico-sdk/sdk/2.1.1/lib/tinyusb/src/device/usbd.c.o
                0x10002f24                tud_suspend_cb
 .text.tud_resume_cb
                0x10002f28        0x4 CMakeFiles/smart_light.dir/home/pininsu/.pico-sdk/sdk/2.1.1/lib/tinyusb/src/device/usbd.c.o
                0x10002f28                tud_resume_cb
 .text.tud_mounted
                0x10002f2c       0x10 CMakeFiles/smart_light.dir/home/pininsu/.pico-sdk/sdk/2.1.1/lib/tinyusb/src/device/usbd.c.o
                0x10002f2c                tud_mounted
 .text.tud_suspended
                0x10002f3c       0x10 CMakeFiles/smart_light.dir/home/pininsu/.pico-sdk/sdk/2.1.1/lib/tinyusb/src/device/usbd.c.o
                0x10002f3c                tud_suspended
 .text.tud_rhport_init
                0x10002f4c       0xfc CMakeFiles/smart_light.dir/home/pininsu/.pico-sdk/sdk/2.1.1/lib/tinyusb/src/device/usbd.c.o
                0x10002f4c                tud_rhport_init
 .text.tud_task_ext
                0x10003048      0x808 CMakeFiles/smart_light.dir/home/pininsu/.pico-sdk/sdk/2.1.1/lib/tinyusb/src/device/usbd.c.o
                0x10003048                tud_task_ext
 .text.usbd_open_edpt_pair
                0x10003850       0x9c CMakeFiles/smart_light.dir/home/pininsu/.pico-sdk/sdk/2.1.1/lib/tinyusb/src/device/usbd.c.o
                0x10003850                usbd_open_edpt_pair
 .text.usbd_edpt_open
                0x100038ec       0x34 CMakeFiles/smart_light.dir/home/pininsu/.pico-sdk/sdk/2.1.1/lib/tinyusb/src/device/usbd.c.o
                0x100038ec                usbd_edpt_open
 .text.usbd_edpt_claim
                0x10003920       0x28 CMakeFiles/smart_light.dir/home/pininsu/.pico-sdk/sdk/2.1.1/lib/tinyusb/src/device/usbd.c.o
                0x10003920                usbd_edpt_claim
 .text.usbd_edpt_release
                0x10003948       0x28 CMakeFiles/smart_light.dir/home/pininsu/.pico-sdk/sdk/2.1.1/lib/tinyusb/src/device/usbd.c.o
                0x10003948                usbd_edpt_release
 .text.usbd_edpt_xfer
                0x10003970       0x4c CMakeFiles/smart_light.dir/home/pininsu/.pico-sdk/sdk/2.1.1/lib/tinyusb/src/device/usbd.c.o
                0x10003970                usbd_edpt_xfer
 .text.tud_control_status
                0x100039bc       0x2c CMakeFiles/smart_light.dir/home/pininsu/.pico-sdk/sdk/2.1.1/lib/tinyusb/src/device/usbd_control.c.o
                0x100039bc                tud_control_status
 .text.tud_control_xfer
                0x100039e8       0xac CMakeFiles/smart_light.dir/home/pininsu/.pico-sdk/sdk/2.1.1/lib/tinyusb/src/device/usbd_control.c.o
                0x100039e8                tud_control_xfer
 .text.usbd_control_reset
                0x10003a94       0x14 CMakeFiles/smart_light.dir/home/pininsu/.pico-sdk/sdk/2.1.1/lib/tinyusb/src/device/usbd_control.c.o
                0x10003a94                usbd_control_reset
 .text.usbd_control_set_complete_callback
                0x10003aa8        0xc CMakeFiles/smart_light.dir/home/pininsu/.pico-sdk/sdk/2.1.1/lib/tinyusb/src/device/usbd_control.c.o
                0x10003aa8                usbd_control_set_complete_callback
 .text.usbd_control_set_request
                0x10003ab4       0x1c CMakeFiles/smart_light.dir/home/pininsu/.pico-sdk/sdk/2.1.1/lib/tinyusb/src/device/usbd_control.c.o
                0x10003ab4                usbd_control_set_request
 .text.usbd_control_xfer_cb
                0x10003ad0       0xec CMakeFiles/smart_light.dir/home/pininsu/.pico-sdk/sdk/2.1.1/lib/tinyusb/src/device/usbd_control.c.o
                0x10003ad0                usbd_control_xfer_cb
 .text._prep_out_transaction.isra.0
                0x10003bbc       0x6c CMakeFiles/smart_light.dir/home/pininsu/.pico-sdk/sdk/2.1.1/lib/tinyusb/src/class/cdc/cdc_device.c.o
 .text.tud_cdc_n_connected
                0x10003c28       0x2c CMakeFiles/smart_light.dir/home/pininsu/.pico-sdk/sdk/2.1.1/lib/tinyusb/src/class/cdc/cdc_device.c.o
                0x10003c28                tud_cdc_n_connected
 .text.tud_cdc_n_available
                0x10003c54       0x14 CMakeFiles/smart_light.dir/home/pininsu/.pico-sdk/sdk/2.1.1/lib/tinyusb/src/class/cdc/cdc_device.c.o
                0x10003c54                tud_cdc_n_available
 .text.tud_cdc_n_read
                0x10003c68       0x94 CMakeFiles/smart_light.dir/home/pininsu/.pico-sdk/sdk/2.1.1/lib/tinyusb/src/class/cdc/cdc_device.c.o
                0x10003c68                tud_cdc_n_read
 .text.tud_cdc_n_write_flush
                0x10003cfc       0x74 CMakeFiles/smart_light.dir/home/pininsu/.pico-sdk/sdk/2.1.1/lib/tinyusb/src/class/cdc/cdc_device.c.o
                0x10003cfc                tud_cdc_n_write_flush
 .text.tud_cdc_n_write
                0x10003d70       0x40 CMakeFiles/smart_light.dir/home/pininsu/.pico-sdk/sdk/2.1.1/lib/tinyusb/src/class/cdc/cdc_device.c.o
                0x10003d70                tud_cdc_n_write
 .text.tud_cdc_n_write_available
                0x10003db0       0x14 CMakeFiles/smart_light.dir/home/pininsu/.pico-sdk/sdk/2.1.1/lib/tinyusb/src/class/cdc/cdc_device.c.o
                0x10003db0                tud_cdc_n_write_available
 .text.cdcd_init
                0x10003dc4       0x70 CMakeFiles/smart_light.dir/home/pininsu/.pico-sdk/sdk/2.1.1/lib/tinyusb/src/class/cdc/cdc_device.c.o
                0x10003dc4                cdcd_init
 .text.cdcd_deinit
                0x10003e34       0x30 CMakeFiles/smart_light.dir/home/pininsu/.pico-sdk/sdk/2.1.1/lib/tinyusb/src/class/cdc/cdc_device.c.o
                0x10003e34                cdcd_deinit
 .text.cdcd_reset
                0x10003e64       0x4c CMakeFiles/smart_light.dir/home/pininsu/.pico-sdk/sdk/2.1.1/lib/tinyusb/src/class/cdc/cdc_device.c.o
                0x10003e64                cdcd_reset
 .text.cdcd_open
                0x10003eb0       0xa8 CMakeFiles/smart_light.dir/home/pininsu/.pico-sdk/sdk/2.1.1/lib/tinyusb/src/class/cdc/cdc_device.c.o
                0x10003eb0                cdcd_open
 .text.cdcd_control_xfer_cb
                0x10003f58       0xe8 CMakeFiles/smart_light.dir/home/pininsu/.pico-sdk/sdk/2.1.1/lib/tinyusb/src/class/cdc/cdc_device.c.o
                0x10003f58                cdcd_control_xfer_cb
 .text.cdcd_xfer_cb
                0x10004040      0x100 CMakeFiles/smart_light.dir/home/pininsu/.pico-sdk/sdk/2.1.1/lib/tinyusb/src/class/cdc/cdc_device.c.o
                0x10004040                cdcd_xfer_cb
 .text.vendord_init
                0x10004140       0x5c CMakeFiles/smart_light.dir/home/pininsu/.pico-sdk/sdk/2.1.1/lib/tinyusb/src/class/vendor/vendor_device.c.o
                0x10004140                vendord_init
 .text.vendord_deinit
                0x1000419c       0x1c CMakeFiles/smart_light.dir/home/pininsu/.pico-sdk/sdk/2.1.1/lib/tinyusb/src/class/vendor/vendor_device.c.o
                0x1000419c                vendord_deinit
 .text.vendord_reset
                0x100041b8       0x28 CMakeFiles/smart_light.dir/home/pininsu/.pico-sdk/sdk/2.1.1/lib/tinyusb/src/class/vendor/vendor_device.c.o
                0x100041b8                vendord_reset
 .text.vendord_open
                0x100041e0      0x128 CMakeFiles/smart_light.dir/home/pininsu/.pico-sdk/sdk/2.1.1/lib/tinyusb/src/class/vendor/vendor_device.c.o
                0x100041e0                vendord_open
 .text.vendord_xfer_cb
                0x10004308       0x9c CMakeFiles/smart_light.dir/home/pininsu/.pico-sdk/sdk/2.1.1/lib/tinyusb/src/class/vendor/vendor_device.c.o
                0x10004308                vendord_xfer_cb
 .text.tusb_rhport_init
                0x100043a4       0x48 CMakeFiles/smart_light.dir/home/pininsu/.pico-sdk/sdk/2.1.1/lib/tinyusb/src/tusb.c.o
                0x100043a4                tusb_rhport_init
 .text.tu_edpt_claim
                0x100043ec       0x50 CMakeFiles/smart_light.dir/home/pininsu/.pico-sdk/sdk/2.1.1/lib/tinyusb/src/tusb.c.o
                0x100043ec                tu_edpt_claim
 .text.tu_edpt_release
                0x1000443c       0x38 CMakeFiles/smart_light.dir/home/pininsu/.pico-sdk/sdk/2.1.1/lib/tinyusb/src/tusb.c.o
                0x1000443c                tu_edpt_release
 .text.tu_edpt_validate
                0x10004474       0x7c CMakeFiles/smart_light.dir/home/pininsu/.pico-sdk/sdk/2.1.1/lib/tinyusb/src/tusb.c.o
                0x10004474                tu_edpt_validate
 .text.tu_edpt_bind_driver
                0x100044f0       0x34 CMakeFiles/smart_light.dir/home/pininsu/.pico-sdk/sdk/2.1.1/lib/tinyusb/src/tusb.c.o
                0x100044f0                tu_edpt_bind_driver
 .text.tu_edpt_stream_init
                0x10004524       0x6c CMakeFiles/smart_light.dir/home/pininsu/.pico-sdk/sdk/2.1.1/lib/tinyusb/src/tusb.c.o
                0x10004524                tu_edpt_stream_init
 .text.tu_edpt_stream_deinit
                0x10004590        0x4 CMakeFiles/smart_light.dir/home/pininsu/.pico-sdk/sdk/2.1.1/lib/tinyusb/src/tusb.c.o
                0x10004590                tu_edpt_stream_deinit
 .text.tu_edpt_stream_write_zlp_if_needed
                0x10004594       0x68 CMakeFiles/smart_light.dir/home/pininsu/.pico-sdk/sdk/2.1.1/lib/tinyusb/src/tusb.c.o
                0x10004594                tu_edpt_stream_write_zlp_if_needed
 .text.tu_edpt_stream_write_xfer
                0x100045fc       0x64 CMakeFiles/smart_light.dir/home/pininsu/.pico-sdk/sdk/2.1.1/lib/tinyusb/src/tusb.c.o
                0x100045fc                tu_edpt_stream_write_xfer
 .text.tu_edpt_stream_read_xfer
                0x10004660       0xdc CMakeFiles/smart_light.dir/home/pininsu/.pico-sdk/sdk/2.1.1/lib/tinyusb/src/tusb.c.o
                0x10004660                tu_edpt_stream_read_xfer
 .text.tu_fifo_config
                0x1000473c       0x6c CMakeFiles/smart_light.dir/home/pininsu/.pico-sdk/sdk/2.1.1/lib/tinyusb/src/common/tusb_fifo.c.o
                0x1000473c                tu_fifo_config
 .text.tu_fifo_count
                0x100047a8       0x2c CMakeFiles/smart_light.dir/home/pininsu/.pico-sdk/sdk/2.1.1/lib/tinyusb/src/common/tusb_fifo.c.o
                0x100047a8                tu_fifo_count
 .text.tu_fifo_empty
                0x100047d4       0x10 CMakeFiles/smart_light.dir/home/pininsu/.pico-sdk/sdk/2.1.1/lib/tinyusb/src/common/tusb_fifo.c.o
                0x100047d4                tu_fifo_empty
 .text.tu_fifo_remaining
                0x100047e4       0x2c CMakeFiles/smart_light.dir/home/pininsu/.pico-sdk/sdk/2.1.1/lib/tinyusb/src/common/tusb_fifo.c.o
                0x100047e4                tu_fifo_remaining
 .text.tu_fifo_read
                0x10004810       0x9c CMakeFiles/smart_light.dir/home/pininsu/.pico-sdk/sdk/2.1.1/lib/tinyusb/src/common/tusb_fifo.c.o
                0x10004810                tu_fifo_read
 .text.tu_fifo_read_n
                0x100048ac       0xe8 CMakeFiles/smart_light.dir/home/pininsu/.pico-sdk/sdk/2.1.1/lib/tinyusb/src/common/tusb_fifo.c.o
                0x100048ac                tu_fifo_read_n
 .text.tu_fifo_write
                0x10004994       0x88 CMakeFiles/smart_light.dir/home/pininsu/.pico-sdk/sdk/2.1.1/lib/tinyusb/src/common/tusb_fifo.c.o
                0x10004994                tu_fifo_write
 .text.tu_fifo_write_n
                0x10004a1c      0x170 CMakeFiles/smart_light.dir/home/pininsu/.pico-sdk/sdk/2.1.1/lib/tinyusb/src/common/tusb_fifo.c.o
                0x10004a1c                tu_fifo_write_n
 .text.tu_fifo_clear
                0x10004b8c       0x40 CMakeFiles/smart_light.dir/home/pininsu/.pico-sdk/sdk/2.1.1/lib/tinyusb/src/common/tusb_fifo.c.o
                0x10004b8c                tu_fifo_clear
 .text.tu_fifo_set_overwritable
                0x10004bcc       0x48 CMakeFiles/smart_light.dir/home/pininsu/.pico-sdk/sdk/2.1.1/lib/tinyusb/src/common/tusb_fifo.c.o
                0x10004bcc                tu_fifo_set_overwritable
 .text.pvPortMalloc
                0x10004c14      0x12c CMakeFiles/smart_light.dir/FreeRTOS-Kernel/portable/MemMang/heap_4.c.o
                0x10004c14                pvPortMalloc
 .text.vPortFree
                0x10004d40       0x8c CMakeFiles/smart_light.dir/FreeRTOS-Kernel/portable/MemMang/heap_4.c.o
                0x10004d40                vPortFree
 *fill*         0x10004dcc        0x4 
 .text.vPortStartFirstTask
                0x10004dd0       0x34 CMakeFiles/smart_light.dir/FreeRTOS-Kernel/portable/ThirdParty/GCC/RP2040/port.c.o
 *fill*         0x10004e04        0xc 
 .text.xPortPendSVHandler
                0x10004e10       0x64 CMakeFiles/smart_light.dir/FreeRTOS-Kernel/portable/ThirdParty/GCC/RP2040/port.c.o
                0x10004e10                xPortPendSVHandler
 .text.prvTaskExitError
                0x10004e74        0x8 CMakeFiles/smart_light.dir/FreeRTOS-Kernel/portable/ThirdParty/GCC/RP2040/port.c.o
 .text.prvFIFOInterruptHandler
                0x10004e7c       0x78 CMakeFiles/smart_light.dir/FreeRTOS-Kernel/portable/ThirdParty/GCC/RP2040/port.c.o
 .text.vPortSVCHandler
                0x10004ef4        0x4 CMakeFiles/smart_light.dir/FreeRTOS-Kernel/portable/ThirdParty/GCC/RP2040/port.c.o
                0x10004ef4                vPortSVCHandler
 .text.pxPortInitialiseStack
                0x10004ef8       0x20 CMakeFiles/smart_light.dir/FreeRTOS-Kernel/portable/ThirdParty/GCC/RP2040/port.c.o
                0x10004ef8                pxPortInitialiseStack
 .text.vPortYield
                0x10004f18       0x18 CMakeFiles/smart_light.dir/FreeRTOS-Kernel/portable/ThirdParty/GCC/RP2040/port.c.o
                0x10004f18                vPortYield
 .text.vPortEnterCritical
                0x10004f30       0x18 CMakeFiles/smart_light.dir/FreeRTOS-Kernel/portable/ThirdParty/GCC/RP2040/port.c.o
                0x10004f30                vPortEnterCritical
 .text.vPortExitCritical
                0x10004f48       0x14 CMakeFiles/smart_light.dir/FreeRTOS-Kernel/portable/ThirdParty/GCC/RP2040/port.c.o
                0x10004f48                vPortExitCritical
 .text.ulSetInterruptMaskFromISR
                0x10004f5c        0x8 CMakeFiles/smart_light.dir/FreeRTOS-Kernel/portable/ThirdParty/GCC/RP2040/port.c.o
                0x10004f5c                ulSetInterruptMaskFromISR
 .text.vClearInterruptMaskFromISR
                0x10004f64        0x8 CMakeFiles/smart_light.dir/FreeRTOS-Kernel/portable/ThirdParty/GCC/RP2040/port.c.o
                0x10004f64                vClearInterruptMaskFromISR
 .text.xPortSysTickHandler
                0x10004f6c       0x24 CMakeFiles/smart_light.dir/FreeRTOS-Kernel/portable/ThirdParty/GCC/RP2040/port.c.o
                0x10004f6c                xPortSysTickHandler
 .text.vPortSetupTimerInterrupt
                0x10004f90       0x34 CMakeFiles/smart_light.dir/FreeRTOS-Kernel/portable/ThirdParty/GCC/RP2040/port.c.o
                0x10004f90                vPortSetupTimerInterrupt
 .text.xPortStartScheduler
                0x10004fc4       0x9c CMakeFiles/smart_light.dir/FreeRTOS-Kernel/portable/ThirdParty/GCC/RP2040/port.c.o
                0x10004fc4                xPortStartScheduler
 .text.ulPortLockGetCurrentOwnerId
                0x10005060       0x2c CMakeFiles/smart_light.dir/FreeRTOS-Kernel/portable/ThirdParty/GCC/RP2040/port.c.o
                0x10005060                ulPortLockGetCurrentOwnerId
 .text.vPortLockInternalSpinUnlockWithWait
                0x1000508c       0x6c CMakeFiles/smart_light.dir/FreeRTOS-Kernel/portable/ThirdParty/GCC/RP2040/port.c.o
                0x1000508c                vPortLockInternalSpinUnlockWithWait
 .text.vPortLockInternalSpinUnlockWithNotify
                0x100050f8       0xcc CMakeFiles/smart_light.dir/FreeRTOS-Kernel/portable/ThirdParty/GCC/RP2040/port.c.o
                0x100050f8                vPortLockInternalSpinUnlockWithNotify
 .text.xPortLockInternalSpinUnlockWithBestEffortWaitOrTimeout
                0x100051c4       0xfc CMakeFiles/smart_light.dir/FreeRTOS-Kernel/portable/ThirdParty/GCC/RP2040/port.c.o
                0x100051c4                xPortLockInternalSpinUnlockWithBestEffortWaitOrTimeout
 .text.startup.prvRuntimeInitializer
                0x100052c0       0x28 CMakeFiles/smart_light.dir/FreeRTOS-Kernel/portable/ThirdParty/GCC/RP2040/port.c.o
 .text.vEventGroupSetBitsCallback
                0x100052e8       0x8c CMakeFiles/smart_light.dir/FreeRTOS-Kernel/event_groups.c.o
                0x100052e8                vEventGroupSetBitsCallback
 .text.xEventGroupCreate
                0x10005374       0x18 CMakeFiles/smart_light.dir/FreeRTOS-Kernel/event_groups.c.o
                0x10005374                xEventGroupCreate
 .text.xEventGroupWaitBits
                0x1000538c       0xb8 CMakeFiles/smart_light.dir/FreeRTOS-Kernel/event_groups.c.o
                0x1000538c                xEventGroupWaitBits
 .text.xEventGroupSetBits
                0x10005444       0x90 CMakeFiles/smart_light.dir/FreeRTOS-Kernel/event_groups.c.o
                0x10005444                xEventGroupSetBits
 .text.xEventGroupSetBitsFromISR
                0x100054d4       0x18 CMakeFiles/smart_light.dir/FreeRTOS-Kernel/event_groups.c.o
                0x100054d4                xEventGroupSetBitsFromISR
 .text.vListInitialise
                0x100054ec       0x18 CMakeFiles/smart_light.dir/FreeRTOS-Kernel/list.c.o
                0x100054ec                vListInitialise
 .text.vListInitialiseItem
                0x10005504        0x8 CMakeFiles/smart_light.dir/FreeRTOS-Kernel/list.c.o
                0x10005504                vListInitialiseItem
 .text.vListInsert
                0x1000550c       0x30 CMakeFiles/smart_light.dir/FreeRTOS-Kernel/list.c.o
                0x1000550c                vListInsert
 .text.uxListRemove
                0x1000553c       0x20 CMakeFiles/smart_light.dir/FreeRTOS-Kernel/list.c.o
                0x1000553c                uxListRemove
 .text.prvUnlockQueue
                0x1000555c      0x17c CMakeFiles/smart_light.dir/FreeRTOS-Kernel/queue.c.o
 .text.prvNotifyQueueSetContainer
                0x100056d8       0x90 CMakeFiles/smart_light.dir/FreeRTOS-Kernel/queue.c.o
 .text.xQueueGenericCreate
                0x10005768       0xa4 CMakeFiles/smart_light.dir/FreeRTOS-Kernel/queue.c.o
                0x10005768                xQueueGenericCreate
 .text.xQueueGenericSendFromISR
                0x1000580c      0x130 CMakeFiles/smart_light.dir/FreeRTOS-Kernel/queue.c.o
                0x1000580c                xQueueGenericSendFromISR
 .text.xQueueReceive
                0x1000593c      0x124 CMakeFiles/smart_light.dir/FreeRTOS-Kernel/queue.c.o
                0x1000593c                xQueueReceive
 .text.vQueueAddToRegistry
                0x10005a60      0x118 CMakeFiles/smart_light.dir/FreeRTOS-Kernel/queue.c.o
                0x10005a60                vQueueAddToRegistry
 .text.vQueueWaitForMessageRestricted
                0x10005b78       0x48 CMakeFiles/smart_light.dir/FreeRTOS-Kernel/queue.c.o
                0x10005b78                vQueueWaitForMessageRestricted
 .text.prvAddNewTaskToReadyList
                0x10005bc0      0x128 CMakeFiles/smart_light.dir/FreeRTOS-Kernel/tasks.c.o
 .text.prvCreateTask
                0x10005ce8      0x130 CMakeFiles/smart_light.dir/FreeRTOS-Kernel/tasks.c.o
 .text.prvIdleTask
                0x10005e18       0x60 CMakeFiles/smart_light.dir/FreeRTOS-Kernel/tasks.c.o
 .text.xTaskIncrementTick.part.0
                0x10005e78      0x190 CMakeFiles/smart_light.dir/FreeRTOS-Kernel/tasks.c.o
 .text.xTaskCreate
                0x10006008       0x24 CMakeFiles/smart_light.dir/FreeRTOS-Kernel/tasks.c.o
                0x10006008                xTaskCreate
 .text.vTaskStartScheduler
                0x1000602c       0x74 CMakeFiles/smart_light.dir/FreeRTOS-Kernel/tasks.c.o
                0x1000602c                vTaskStartScheduler
 .text.vTaskSuspendAll
                0x100060a0       0x10 CMakeFiles/smart_light.dir/FreeRTOS-Kernel/tasks.c.o
                0x100060a0                vTaskSuspendAll
 .text.xTaskResumeAll
                0x100060b0      0x188 CMakeFiles/smart_light.dir/FreeRTOS-Kernel/tasks.c.o
                0x100060b0                xTaskResumeAll
 .text.vTaskDelay
                0x10006238       0x84 CMakeFiles/smart_light.dir/FreeRTOS-Kernel/tasks.c.o
                0x10006238                vTaskDelay
 .text.xTaskGetTickCount
                0x100062bc        0xc CMakeFiles/smart_light.dir/FreeRTOS-Kernel/tasks.c.o
                0x100062bc                xTaskGetTickCount
 .text.uxTaskGetNumberOfTasks
                0x100062c8        0xc CMakeFiles/smart_light.dir/FreeRTOS-Kernel/tasks.c.o
                0x100062c8                uxTaskGetNumberOfTasks
 .text.xTaskIncrementTick
                0x100062d4       0x24 CMakeFiles/smart_light.dir/FreeRTOS-Kernel/tasks.c.o
                0x100062d4                xTaskIncrementTick
 .text.vTaskSwitchContext
                0x100062f8       0x7c CMakeFiles/smart_light.dir/FreeRTOS-Kernel/tasks.c.o
                0x100062f8                vTaskSwitchContext
 .text.vTaskPlaceOnEventList
                0x10006374       0xa0 CMakeFiles/smart_light.dir/FreeRTOS-Kernel/tasks.c.o
                0x10006374                vTaskPlaceOnEventList
 .text.vTaskPlaceOnUnorderedEventList
                0x10006414       0xc4 CMakeFiles/smart_light.dir/FreeRTOS-Kernel/tasks.c.o
                0x10006414                vTaskPlaceOnUnorderedEventList
 .text.vTaskPlaceOnEventListRestricted
                0x100064d8       0xd8 CMakeFiles/smart_light.dir/FreeRTOS-Kernel/tasks.c.o
                0x100064d8                vTaskPlaceOnEventListRestricted
 .text.xTaskRemoveFromEventList
                0x100065b0       0xd0 CMakeFiles/smart_light.dir/FreeRTOS-Kernel/tasks.c.o
                0x100065b0                xTaskRemoveFromEventList
 .text.vTaskRemoveFromUnorderedEventList
                0x10006680       0x94 CMakeFiles/smart_light.dir/FreeRTOS-Kernel/tasks.c.o
                0x10006680                vTaskRemoveFromUnorderedEventList
 .text.vTaskInternalSetTimeOutState
                0x10006714       0x18 CMakeFiles/smart_light.dir/FreeRTOS-Kernel/tasks.c.o
                0x10006714                vTaskInternalSetTimeOutState
 .text.xTaskCheckForTimeOut
                0x1000672c       0x74 CMakeFiles/smart_light.dir/FreeRTOS-Kernel/tasks.c.o
                0x1000672c                xTaskCheckForTimeOut
 .text.vTaskMissedYield
                0x100067a0        0xc CMakeFiles/smart_light.dir/FreeRTOS-Kernel/tasks.c.o
                0x100067a0                vTaskMissedYield
 .text.xTaskGetCurrentTaskHandle
                0x100067ac        0xc CMakeFiles/smart_light.dir/FreeRTOS-Kernel/tasks.c.o
                0x100067ac                xTaskGetCurrentTaskHandle
 .text.xTaskPriorityDisinherit
                0x100067b8       0x64 CMakeFiles/smart_light.dir/FreeRTOS-Kernel/tasks.c.o
                0x100067b8                xTaskPriorityDisinherit
 .text.uxTaskResetEventItemValue
                0x1000681c       0x18 CMakeFiles/smart_light.dir/FreeRTOS-Kernel/tasks.c.o
                0x1000681c                uxTaskResetEventItemValue
 .text.prvTimerTask
                0x10006834      0x3b4 CMakeFiles/smart_light.dir/FreeRTOS-Kernel/timers.c.o
 .text.xTimerCreateTimerTask
                0x10006be8       0x8c CMakeFiles/smart_light.dir/FreeRTOS-Kernel/timers.c.o
                0x10006be8                xTimerCreateTimerTask
 .text.xTimerPendFunctionCallFromISR
                0x10006c74       0x28 CMakeFiles/smart_light.dir/FreeRTOS-Kernel/timers.c.o
                0x10006c74                xTimerPendFunctionCallFromISR
 .text.exception_set_exclusive_handler
                0x10006c9c       0x48 CMakeFiles/smart_light.dir/home/pininsu/.pico-sdk/sdk/2.1.1/src/rp2_common/hardware_exception/exception.c.o
                0x10006c9c                exception_set_exclusive_handler
 .text.pio_claim_unused_sm
                0x10006ce4       0x38 CMakeFiles/smart_light.dir/home/pininsu/.pico-sdk/sdk/2.1.1/src/rp2_common/hardware_pio/pio.c.o
                0x10006ce4                pio_claim_unused_sm
 .text.pio_add_program
                0x10006d1c      0x104 CMakeFiles/smart_light.dir/home/pininsu/.pico-sdk/sdk/2.1.1/src/rp2_common/hardware_pio/pio.c.o
                0x10006d1c                pio_add_program
 .text.pio_sm_set_consecutive_pindirs
                0x10006e20       0xb4 CMakeFiles/smart_light.dir/home/pininsu/.pico-sdk/sdk/2.1.1/src/rp2_common/hardware_pio/pio.c.o
                0x10006e20                pio_sm_set_consecutive_pindirs
 .text.pio_sm_init
                0x10006ed4       0x9c CMakeFiles/smart_light.dir/home/pininsu/.pico-sdk/sdk/2.1.1/src/rp2_common/hardware_pio/pio.c.o
                0x10006ed4                pio_sm_init
 .text          0x10006f70       0x5c /usr/lib/gcc/arm-none-eabi/12.2.1/../../../arm-none-eabi/lib/thumb/v6-m/nofp/libg.a(lib_a-strlen-stub.o)
                0x10006f70                strlen
 *(.fini)
 .fini          0x10006fcc        0x4 /usr/lib/gcc/arm-none-eabi/12.2.1/thumb/v6-m/nofp/crti.o
                0x10006fcc                _fini
 .fini.__stub   0x10006fd0       0xc0 linker stubs
 *crtbegin.o(.ctors)
 *crtbegin?.o(.ctors)
 *(EXCLUDE_FILE(*crtend.o *crtend?.o) .ctors)
 *(SORT_BY_NAME(.ctors.*))
 *(.ctors)
 *crtbegin.o(.dtors)
 *crtbegin?.o(.dtors)
 *(EXCLUDE_FILE(*crtend.o *crtend?.o) .dtors)
 *(SORT_BY_NAME(.dtors.*))
 *(.dtors)
                0x10007090                        . = ALIGN (0x4)
                0x10007090                        PROVIDE (__preinit_array_start = .)
 *(SORT_BY_NAME(.preinit_array.*))
 .preinit_array.00100
                0x10007090        0x4 CMakeFiles/smart_light.dir/home/pininsu/.pico-sdk/sdk/2.1.1/src/rp2_common/pico_runtime_init/runtime_init.c.o
                0x10007090                __pre_init_runtime_init_early_resets
 .preinit_array.00101
                0x10007094        0x4 CMakeFiles/smart_light.dir/home/pininsu/.pico-sdk/sdk/2.1.1/src/rp2_common/pico_runtime_init/runtime_init.c.o
                0x10007094                __pre_init_runtime_init_usb_power_down
 .preinit_array.00275
                0x10007098        0x4 CMakeFiles/smart_light.dir/home/pininsu/.pico-sdk/sdk/2.1.1/src/rp2_common/pico_bit_ops/bit_ops_aeabi.S.o
 .preinit_array.00300
                0x1000709c        0x4 CMakeFiles/smart_light.dir/home/pininsu/.pico-sdk/sdk/2.1.1/src/rp2_common/pico_mem_ops/mem_ops_aeabi.S.o
 .preinit_array.00350
                0x100070a0        0x4 CMakeFiles/smart_light.dir/home/pininsu/.pico-sdk/sdk/2.1.1/src/rp2_common/pico_double/double_aeabi_rp2040.S.o
 .preinit_array.00350
                0x100070a4        0x4 CMakeFiles/smart_light.dir/home/pininsu/.pico-sdk/sdk/2.1.1/src/rp2_common/pico_float/float_aeabi_rp2040.S.o
 .preinit_array.00500
                0x100070a8        0x4 CMakeFiles/smart_light.dir/home/pininsu/.pico-sdk/sdk/2.1.1/src/rp2_common/pico_runtime_init/runtime_init.c.o
                0x100070a8                __pre_init_runtime_init_clocks
 .preinit_array.00600
                0x100070ac        0x4 CMakeFiles/smart_light.dir/home/pininsu/.pico-sdk/sdk/2.1.1/src/rp2_common/pico_runtime_init/runtime_init.c.o
                0x100070ac                __pre_init_runtime_init_post_clock_resets
 .preinit_array.00700
                0x100070b0        0x4 CMakeFiles/smart_light.dir/home/pininsu/.pico-sdk/sdk/2.1.1/src/rp2_common/pico_runtime_init/runtime_init.c.o
                0x100070b0                __pre_init_runtime_init_rp2040_gpio_ie_disable
 .preinit_array.01000
                0x100070b4        0x4 CMakeFiles/smart_light.dir/home/pininsu/.pico-sdk/sdk/2.1.1/src/rp2_common/pico_runtime_init/runtime_init.c.o
                0x100070b4                __pre_init_runtime_init_spin_locks_reset
 .preinit_array.01100
                0x100070b8        0x4 CMakeFiles/smart_light.dir/home/pininsu/.pico-sdk/sdk/2.1.1/src/common/pico_sync/mutex.c.o
                0x100070b8                __pre_init_runtime_init_mutex
 .preinit_array.10080
                0x100070bc        0x4 CMakeFiles/smart_light.dir/home/pininsu/.pico-sdk/sdk/2.1.1/src/rp2_common/pico_runtime_init/runtime_init.c.o
                0x100070bc                __pre_init_runtime_init_install_ram_vector_table
 .preinit_array.11000
                0x100070c0        0x4 CMakeFiles/smart_light.dir/home/pininsu/.pico-sdk/sdk/2.1.1/src/common/pico_time/time.c.o
                0x100070c0                __pre_init_runtime_init_default_alarm_pool
 .preinit_array.YYYYY
                0x100070c4        0x4 CMakeFiles/smart_light.dir/home/pininsu/.pico-sdk/sdk/2.1.1/src/rp2_common/pico_runtime/runtime.c.o
                0x100070c4                __pre_init_first_per_core_initializer
 .preinit_array.ZZZZZ.01200
                0x100070c8        0x4 CMakeFiles/smart_light.dir/home/pininsu/.pico-sdk/sdk/2.1.1/src/rp2_common/hardware_irq/irq.c.o
                0x100070c8                __pre_init_runtime_init_per_core_irq_priorities
 *(.preinit_array)
                0x100070cc                        PROVIDE (__preinit_array_end = .)
                0x100070cc                        . = ALIGN (0x4)
                0x100070cc                        PROVIDE (__init_array_start = .)
 *(SORT_BY_NAME(.init_array.*))
 *(.init_array)
 .init_array    0x100070cc        0x4 /usr/lib/gcc/arm-none-eabi/12.2.1/thumb/v6-m/nofp/crtbegin.o
 .init_array    0x100070d0        0x4 CMakeFiles/smart_light.dir/home/pininsu/.pico-sdk/sdk/2.1.1/src/rp2_common/pico_unique_id/unique_id.c.o
 .init_array    0x100070d4        0x4 CMakeFiles/smart_light.dir/FreeRTOS-Kernel/portable/ThirdParty/GCC/RP2040/port.c.o
                0x100070d8                        PROVIDE (__init_array_end = .)
                0x100070d8                        . = ALIGN (0x4)
                0x100070d8                        PROVIDE (__fini_array_start = .)
 *(SORT_BY_NAME(.fini_array.*))
 *(.fini_array)
                0x100070d8                        PROVIDE (__fini_array_end = .)
 *(.eh_frame*)
 .eh_frame      0x100070d8        0x0 /usr/lib/gcc/arm-none-eabi/12.2.1/thumb/v6-m/nofp/crtbegin.o
                0x100070d8                        . = ALIGN (0x4)

.glue_7         0x100070d8        0x0
 .glue_7        0x100070d8        0x0 linker stubs

.glue_7t        0x100070d8        0x0
 .glue_7t       0x100070d8        0x0 linker stubs

.vfp11_veneer   0x100070d8        0x0
 .vfp11_veneer  0x100070d8        0x0 linker stubs

.v4_bx          0x100070d8        0x0
 .v4_bx         0x100070d8        0x0 linker stubs

.iplt           0x100070d8        0x0
 .iplt          0x100070d8        0x0 /usr/lib/gcc/arm-none-eabi/12.2.1/thumb/v6-m/nofp/crtbegin.o

.rodata         0x100070d8      0x4ac
 *(EXCLUDE_FILE(*libm.a: *libc.a:*lib_a-mem*.o *libgcc.a:) .rodata*)
 .rodata.main.str1.4
                0x100070d8        0xf CMakeFiles/smart_light.dir/core/main.c.o
 *fill*         0x100070e7        0x1 
 .rodata.ws2812b_program
                0x100070e8        0x8 CMakeFiles/smart_light.dir/utilities/neopixel.c.o
 .rodata.ws2812b_program_instructions
                0x100070f0        0x8 CMakeFiles/smart_light.dir/utilities/neopixel.c.o
 .rodata.panic.str1.4
                0x100070f8       0x12 CMakeFiles/smart_light.dir/home/pininsu/.pico-sdk/sdk/2.1.1/src/rp2_common/pico_platform_panic/panic.c.o
 *fill*         0x1000710a        0x2 
 .rodata.panic_unsupported.str1.4
                0x1000710c        0xe CMakeFiles/smart_light.dir/home/pininsu/.pico-sdk/sdk/2.1.1/src/rp2_common/pico_platform_panic/panic.c.o
 *fill*         0x1000711a        0x2 
 .rodata.spin_lock_claim_unused.str1.4
                0x1000711c       0x1b CMakeFiles/smart_light.dir/home/pininsu/.pico-sdk/sdk/2.1.1/src/rp2_common/hardware_sync/sync.c.o
 *fill*         0x10007137        0x1 
 .rodata.user_irq_claim_unused.str1.4
                0x10007138       0x1b CMakeFiles/smart_light.dir/home/pininsu/.pico-sdk/sdk/2.1.1/src/rp2_common/hardware_irq/irq.c.o
 *fill*         0x10007153        0x1 
 .rodata.timer_hardware_alarm_claim.str1.4
                0x10007154       0x22 CMakeFiles/smart_light.dir/home/pininsu/.pico-sdk/sdk/2.1.1/src/rp2_common/hardware_timer/timer.c.o
 *fill*         0x10007176        0x2 
 .rodata.hard_assertion_failure.str1.4
                0x10007178        0xc CMakeFiles/smart_light.dir/home/pininsu/.pico-sdk/sdk/2.1.1/src/rp2_common/pico_runtime/runtime.c.o
 .rodata.str1.4
                0x10007184       0x44 CMakeFiles/smart_light.dir/home/pininsu/.pico-sdk/sdk/2.1.1/src/rp2_common/pico_standard_binary_info/standard_binary_info.c.o
 .rodata.__bi_84
                0x100071c8        0xc CMakeFiles/smart_light.dir/home/pininsu/.pico-sdk/sdk/2.1.1/src/rp2_common/pico_standard_binary_info/standard_binary_info.c.o
 .rodata.__bi_78
                0x100071d4        0xc CMakeFiles/smart_light.dir/home/pininsu/.pico-sdk/sdk/2.1.1/src/rp2_common/pico_standard_binary_info/standard_binary_info.c.o
 .rodata.__bi_60
                0x100071e0        0xc CMakeFiles/smart_light.dir/home/pininsu/.pico-sdk/sdk/2.1.1/src/rp2_common/pico_standard_binary_info/standard_binary_info.c.o
 .rodata.__bi_54
                0x100071ec        0xc CMakeFiles/smart_light.dir/home/pininsu/.pico-sdk/sdk/2.1.1/src/rp2_common/pico_standard_binary_info/standard_binary_info.c.o
 .rodata.__bi_48
                0x100071f8        0xc CMakeFiles/smart_light.dir/home/pininsu/.pico-sdk/sdk/2.1.1/src/rp2_common/pico_standard_binary_info/standard_binary_info.c.o
 .rodata.__bi_42
                0x10007204        0xc CMakeFiles/smart_light.dir/home/pininsu/.pico-sdk/sdk/2.1.1/src/rp2_common/pico_standard_binary_info/standard_binary_info.c.o
 .rodata.__bi_34
                0x10007210        0xc CMakeFiles/smart_light.dir/home/pininsu/.pico-sdk/sdk/2.1.1/src/rp2_common/pico_standard_binary_info/standard_binary_info.c.o
 .rodata.__bi_26
                0x1000721c        0xc CMakeFiles/smart_light.dir/home/pininsu/.pico-sdk/sdk/2.1.1/src/rp2_common/pico_standard_binary_info/standard_binary_info.c.o
 .rodata.crlf_str.0
                0x10007228        0x2 CMakeFiles/smart_light.dir/home/pininsu/.pico-sdk/sdk/2.1.1/src/rp2_common/pico_stdio/stdio.c.o
 *fill*         0x1000722a        0x2 
 .rodata._resetd_driver
                0x1000722c       0x20 CMakeFiles/smart_light.dir/home/pininsu/.pico-sdk/sdk/2.1.1/src/rp2_common/pico_stdio_usb/reset_interface.c.o
 .rodata.desc_ms_os_20
                0x1000724c       0xa6 CMakeFiles/smart_light.dir/home/pininsu/.pico-sdk/sdk/2.1.1/src/rp2_common/pico_stdio_usb/reset_interface.c.o
 *fill*         0x100072f2        0x2 
 .rodata.desc_bos
                0x100072f4       0x21 CMakeFiles/smart_light.dir/home/pininsu/.pico-sdk/sdk/2.1.1/src/rp2_common/pico_stdio_usb/reset_interface.c.o
                0x100072f4                desc_bos
 *fill*         0x10007315        0x3 
 .rodata.str1.4
                0x10007318       0x13 CMakeFiles/smart_light.dir/home/pininsu/.pico-sdk/sdk/2.1.1/src/rp2_common/pico_stdio_usb/stdio_usb.c.o
 *fill*         0x1000732b        0x1 
 .rodata.__bi_197.0
                0x1000732c        0xc CMakeFiles/smart_light.dir/home/pininsu/.pico-sdk/sdk/2.1.1/src/rp2_common/pico_stdio_usb/stdio_usb.c.o
 .rodata.str1.4
                0x10007338       0x2a CMakeFiles/smart_light.dir/home/pininsu/.pico-sdk/sdk/2.1.1/src/rp2_common/pico_stdio_usb/stdio_usb_descriptors.c.o
 *fill*         0x10007362        0x2 
 .rodata.usbd_desc_str
                0x10007364       0x18 CMakeFiles/smart_light.dir/home/pininsu/.pico-sdk/sdk/2.1.1/src/rp2_common/pico_stdio_usb/stdio_usb_descriptors.c.o
 .rodata.usbd_desc_cfg
                0x1000737c       0x54 CMakeFiles/smart_light.dir/home/pininsu/.pico-sdk/sdk/2.1.1/src/rp2_common/pico_stdio_usb/stdio_usb_descriptors.c.o
 .rodata.usbd_desc_device
                0x100073d0       0x12 CMakeFiles/smart_light.dir/home/pininsu/.pico-sdk/sdk/2.1.1/src/rp2_common/pico_stdio_usb/stdio_usb_descriptors.c.o
 *fill*         0x100073e2        0x2 
 .rodata.str1.4
                0x100073e4       0x14 CMakeFiles/smart_light.dir/home/pininsu/.pico-sdk/sdk/2.1.1/lib/tinyusb/src/portable/raspberrypi/rp2040/dcd_rp2040.c.o
 .rodata.str1.4
                0x100073f8       0x48 CMakeFiles/smart_light.dir/home/pininsu/.pico-sdk/sdk/2.1.1/lib/tinyusb/src/portable/raspberrypi/rp2040/rp2040_usb.c.o
 .rodata.tud_task_ext
                0x10007440       0x8c CMakeFiles/smart_light.dir/home/pininsu/.pico-sdk/sdk/2.1.1/lib/tinyusb/src/device/usbd.c.o
 .rodata        0x100074cc       0x1c CMakeFiles/smart_light.dir/home/pininsu/.pico-sdk/sdk/2.1.1/lib/tinyusb/src/device/usbd.c.o
 .rodata._usbd_driver
                0x100074e8       0x40 CMakeFiles/smart_light.dir/home/pininsu/.pico-sdk/sdk/2.1.1/lib/tinyusb/src/device/usbd.c.o
 .rodata.prvTimerTask
                0x10007528       0x28 CMakeFiles/smart_light.dir/FreeRTOS-Kernel/timers.c.o
 .rodata.xTimerCreateTimerTask.str1.4
                0x10007550       0x10 CMakeFiles/smart_light.dir/FreeRTOS-Kernel/timers.c.o
 .rodata.pio_claim_unused_sm.str1.4
                0x10007560       0x24 CMakeFiles/smart_light.dir/home/pininsu/.pico-sdk/sdk/2.1.1/src/rp2_common/hardware_pio/pio.c.o
                0x10007584                        . = ALIGN (0x4)
 *(SORT_BY_ALIGNMENT(SORT_BY_NAME(.flashdata*)))
                0x10007584                        . = ALIGN (0x4)

.ARM.extab
 *(.ARM.extab* .gnu.linkonce.armextab.*)
                0x10007584                        __exidx_start = .

.ARM.exidx
 *(.ARM.exidx* .gnu.linkonce.armexidx.*)
                0x10007584                        __exidx_end = .
                0x10007584                        . = ALIGN (0x4)
                0x10007584                        __binary_info_start = .

.binary_info    0x10007584       0x24
 *(.binary_info.keep.*)
 .binary_info.keep.__bi_ptr84
                0x10007584        0x4 CMakeFiles/smart_light.dir/home/pininsu/.pico-sdk/sdk/2.1.1/src/rp2_common/pico_standard_binary_info/standard_binary_info.c.o
 .binary_info.keep.__bi_ptr78
                0x10007588        0x4 CMakeFiles/smart_light.dir/home/pininsu/.pico-sdk/sdk/2.1.1/src/rp2_common/pico_standard_binary_info/standard_binary_info.c.o
 .binary_info.keep.__bi_ptr60
                0x1000758c        0x4 CMakeFiles/smart_light.dir/home/pininsu/.pico-sdk/sdk/2.1.1/src/rp2_common/pico_standard_binary_info/standard_binary_info.c.o
 .binary_info.keep.__bi_ptr54
                0x10007590        0x4 CMakeFiles/smart_light.dir/home/pininsu/.pico-sdk/sdk/2.1.1/src/rp2_common/pico_standard_binary_info/standard_binary_info.c.o
 .binary_info.keep.__bi_ptr48
                0x10007594        0x4 CMakeFiles/smart_light.dir/home/pininsu/.pico-sdk/sdk/2.1.1/src/rp2_common/pico_standard_binary_info/standard_binary_info.c.o
 .binary_info.keep.__bi_ptr42
                0x10007598        0x4 CMakeFiles/smart_light.dir/home/pininsu/.pico-sdk/sdk/2.1.1/src/rp2_common/pico_standard_binary_info/standard_binary_info.c.o
 .binary_info.keep.__bi_ptr34
                0x1000759c        0x4 CMakeFiles/smart_light.dir/home/pininsu/.pico-sdk/sdk/2.1.1/src/rp2_common/pico_standard_binary_info/standard_binary_info.c.o
 .binary_info.keep.__bi_ptr26
                0x100075a0        0x4 CMakeFiles/smart_light.dir/home/pininsu/.pico-sdk/sdk/2.1.1/src/rp2_common/pico_standard_binary_info/standard_binary_info.c.o
 *(.binary_info.*)
 .binary_info.__bi_ptr197
                0x100075a4        0x4 CMakeFiles/smart_light.dir/home/pininsu/.pico-sdk/sdk/2.1.1/src/rp2_common/pico_stdio_usb/stdio_usb.c.o
                0x100075a8                        __binary_info_end = .

.rel.dyn        0x100075a8        0x0
 .rel.iplt      0x100075a8        0x0 /usr/lib/gcc/arm-none-eabi/12.2.1/thumb/v6-m/nofp/crtbegin.o
                0x100075a8                        . = ALIGN (0x4)

.ram_vector_table
                0x20000000       0xc0
 *(.ram_vector_table)
 .ram_vector_table
                0x20000000       0xc0 CMakeFiles/smart_light.dir/home/pininsu/.pico-sdk/sdk/2.1.1/src/rp2_common/pico_runtime_init/runtime_init.c.o
                0x20000000                ram_vector_table

.uninitialized_data
                0x200000c0        0x0
                0x200000c0                        . = ALIGN (0x4)
 *(.uninitialized_data*)

.data           0x200000c0      0xf6c load address 0x100075a8
                0x200000c0                        __data_start__ = .
 *(vtable)
 *(.time_critical*)
 .time_critical.mutex_try_enter
                0x200000c0       0x40 CMakeFiles/smart_light.dir/home/pininsu/.pico-sdk/sdk/2.1.1/src/common/pico_sync/mutex.c.o
                0x200000c0                mutex_try_enter
 .time_critical.mutex_try_enter_block_until
                0x20000100       0xa0 CMakeFiles/smart_light.dir/home/pininsu/.pico-sdk/sdk/2.1.1/src/common/pico_sync/mutex.c.o
                0x20000100                mutex_try_enter_block_until
 .time_critical.mutex_enter_timeout_ms
                0x200001a0       0x78 CMakeFiles/smart_light.dir/home/pininsu/.pico-sdk/sdk/2.1.1/src/common/pico_sync/mutex.c.o
                0x200001a0                mutex_enter_timeout_ms
 .time_critical.mutex_exit
                0x20000218       0x20 CMakeFiles/smart_light.dir/home/pininsu/.pico-sdk/sdk/2.1.1/src/common/pico_sync/mutex.c.o
                0x20000218                mutex_exit
 .time_critical.flash_init_boot2_copyout
                0x20000238       0x30 CMakeFiles/smart_light.dir/home/pininsu/.pico-sdk/sdk/2.1.1/src/rp2_common/hardware_flash/flash.c.o
 .time_critical.flash_enable_xip_via_boot2
                0x20000268        0xc CMakeFiles/smart_light.dir/home/pininsu/.pico-sdk/sdk/2.1.1/src/rp2_common/hardware_flash/flash.c.o
 .time_critical.flash_cs_force
                0x20000274       0x38 CMakeFiles/smart_light.dir/home/pininsu/.pico-sdk/sdk/2.1.1/src/rp2_common/hardware_flash/flash.c.o
 .time_critical.flash_do_cmd
                0x200002ac       0xc0 CMakeFiles/smart_light.dir/home/pininsu/.pico-sdk/sdk/2.1.1/src/rp2_common/hardware_flash/flash.c.o
                0x200002ac                flash_do_cmd
 .time_critical.reset_non_control_endpoints
                0x2000036c       0x68 CMakeFiles/smart_light.dir/home/pininsu/.pico-sdk/sdk/2.1.1/lib/tinyusb/src/portable/raspberrypi/rp2040/dcd_rp2040.c.o
 .time_critical.hw_handle_buff_status
                0x200003d4       0x98 CMakeFiles/smart_light.dir/home/pininsu/.pico-sdk/sdk/2.1.1/lib/tinyusb/src/portable/raspberrypi/rp2040/dcd_rp2040.c.o
 .time_critical.dcd_rp2040_irq
                0x2000046c      0x550 CMakeFiles/smart_light.dir/home/pininsu/.pico-sdk/sdk/2.1.1/lib/tinyusb/src/portable/raspberrypi/rp2040/dcd_rp2040.c.o
 .time_critical.prepare_ep_buffer
                0x200009bc       0xe0 CMakeFiles/smart_light.dir/home/pininsu/.pico-sdk/sdk/2.1.1/lib/tinyusb/src/portable/raspberrypi/rp2040/rp2040_usb.c.o
 .time_critical.sync_ep_buffer
                0x20000a9c       0xa8 CMakeFiles/smart_light.dir/home/pininsu/.pico-sdk/sdk/2.1.1/lib/tinyusb/src/portable/raspberrypi/rp2040/rp2040_usb.c.o
 .time_critical._hw_endpoint_xfer_sync
                0x20000b44       0x28 CMakeFiles/smart_light.dir/home/pininsu/.pico-sdk/sdk/2.1.1/lib/tinyusb/src/portable/raspberrypi/rp2040/rp2040_usb.c.o
 .time_critical.e15_is_bulkin_ep
                0x20000b6c       0x28 CMakeFiles/smart_light.dir/home/pininsu/.pico-sdk/sdk/2.1.1/lib/tinyusb/src/portable/raspberrypi/rp2040/rp2040_usb.c.o
 .time_critical.e15_is_critical_frame_period
                0x20000b94       0x34 CMakeFiles/smart_light.dir/home/pininsu/.pico-sdk/sdk/2.1.1/lib/tinyusb/src/portable/raspberrypi/rp2040/rp2040_usb.c.o
 .time_critical.hw_endpoint_reset_transfer
                0x20000bc8        0xc CMakeFiles/smart_light.dir/home/pininsu/.pico-sdk/sdk/2.1.1/lib/tinyusb/src/portable/raspberrypi/rp2040/rp2040_usb.c.o
                0x20000bc8                hw_endpoint_reset_transfer
 .time_critical._hw_endpoint_buffer_control_update32
                0x20000bd4       0x50 CMakeFiles/smart_light.dir/home/pininsu/.pico-sdk/sdk/2.1.1/lib/tinyusb/src/portable/raspberrypi/rp2040/rp2040_usb.c.o
                0x20000bd4                _hw_endpoint_buffer_control_update32
 .time_critical.hw_endpoint_start_next_buffer
                0x20000c24       0x6c CMakeFiles/smart_light.dir/home/pininsu/.pico-sdk/sdk/2.1.1/lib/tinyusb/src/portable/raspberrypi/rp2040/rp2040_usb.c.o
                0x20000c24                hw_endpoint_start_next_buffer
 .time_critical.hw_endpoint_xfer_continue
                0x20000c90       0x40 CMakeFiles/smart_light.dir/home/pininsu/.pico-sdk/sdk/2.1.1/lib/tinyusb/src/portable/raspberrypi/rp2040/rp2040_usb.c.o
                0x20000c90                hw_endpoint_xfer_continue
 .time_critical.tinyusb
                0x20000cd0      0x1e4 CMakeFiles/smart_light.dir/home/pininsu/.pico-sdk/sdk/2.1.1/lib/tinyusb/src/device/usbd.c.o
                0x20000cd0                dcd_event_handler
 *(.text*)
 .text          0x20000eb4        0x4 /usr/lib/gcc/arm-none-eabi/12.2.1/thumb/v6-m/nofp/libgcc.a(_dvmd_tls.o)
                0x20000eb4                __aeabi_ldiv0
                0x20000eb4                __aeabi_idiv0
 .text.__stub   0x20000eb8       0xa0 linker stubs
                0x20000f58                        . = ALIGN (0x4)
 *(.rodata*)
                0x20000f58                        . = ALIGN (0x4)
 *(.data*)
 .data.striped_spin_lock_num
                0x20000f58        0x1 CMakeFiles/smart_light.dir/home/pininsu/.pico-sdk/sdk/2.1.1/src/rp2_common/hardware_sync/sync.c.o
 *fill*         0x20000f59        0x3 
 .data          0x20000f5c       0x48 CMakeFiles/smart_light.dir/home/pininsu/.pico-sdk/sdk/2.1.1/src/rp2_common/hardware_irq/irq_handler_chain.S.o
                0x20000f5c                irq_handler_chain_slots
                0x20000f8c                irq_handler_chain_first_slot
                0x20000f96                irq_handler_chain_remove_tail
 .data.default_alarm_pool
                0x20000fa4       0x18 CMakeFiles/smart_light.dir/home/pininsu/.pico-sdk/sdk/2.1.1/src/common/pico_time/time.c.o
 *fill*         0x20000fbc        0x4 
 .data.aeabi_bits_funcs
                0x20000fc0       0x10 CMakeFiles/smart_light.dir/home/pininsu/.pico-sdk/sdk/2.1.1/src/rp2_common/pico_bit_ops/bit_ops_aeabi.S.o
                0x20000fc0                aeabi_bits_funcs
                0x20000fd0                aeabi_bits_funcs_end
 .data.aeabi_mem_funcs
                0x20000fd0       0x10 CMakeFiles/smart_light.dir/home/pininsu/.pico-sdk/sdk/2.1.1/src/rp2_common/pico_mem_ops/mem_ops_aeabi.S.o
                0x20000fd0                aeabi_mem_funcs
                0x20000fe0                aeabi_mem_funcs_end
 .data.stdio_usb
                0x20000fe0       0x18 CMakeFiles/smart_light.dir/home/pininsu/.pico-sdk/sdk/2.1.1/src/rp2_common/pico_stdio_usb/stdio_usb.c.o
                0x20000fe0                stdio_usb
 .data._usbd_qdef
                0x20000ff8       0x1c CMakeFiles/smart_light.dir/home/pininsu/.pico-sdk/sdk/2.1.1/lib/tinyusb/src/device/usbd.c.o
                0x20000ff8                _usbd_qdef
 .data._usbd_rhport
                0x20001014        0x1 CMakeFiles/smart_light.dir/home/pininsu/.pico-sdk/sdk/2.1.1/lib/tinyusb/src/device/usbd.c.o
 .data.ucPrimaryCoreNum
                0x20001015        0x1 CMakeFiles/smart_light.dir/FreeRTOS-Kernel/portable/ThirdParty/GCC/RP2040/port.c.o
 *fill*         0x20001016        0x2 
 .data.uxTopUsedPriority
                0x20001018        0x4 CMakeFiles/smart_light.dir/FreeRTOS-Kernel/tasks.c.o
                0x2000101c                        . = ALIGN (0x4)
 *(.after_data.*)
                0x2000101c                        . = ALIGN (0x4)
                0x2000101c                        PROVIDE (__mutex_array_start = .)
 *(SORT_BY_NAME(.mutex_array.*))
 *(.mutex_array)
 .mutex_array   0x2000101c        0x8 CMakeFiles/smart_light.dir/home/pininsu/.pico-sdk/sdk/2.1.1/src/rp2_common/pico_malloc/malloc.c.o
 .mutex_array   0x20001024        0x8 CMakeFiles/smart_light.dir/home/pininsu/.pico-sdk/sdk/2.1.1/src/rp2_common/pico_stdio/stdio.c.o
                0x2000102c                        PROVIDE (__mutex_array_end = .)
                0x2000102c                        . = ALIGN (0x4)
 *(.jcr)
                0x2000102c                        . = ALIGN (0x4)

.tm_clone_table
                0x2000102c        0x0 load address 0x10008514
 .tm_clone_table
                0x2000102c        0x0 /usr/lib/gcc/arm-none-eabi/12.2.1/thumb/v6-m/nofp/crtbegin.o
 .tm_clone_table
                0x2000102c        0x0 /usr/lib/gcc/arm-none-eabi/12.2.1/thumb/v6-m/nofp/crtend.o

.igot.plt       0x2000102c        0x0 load address 0x10008514
 .igot.plt      0x2000102c        0x0 /usr/lib/gcc/arm-none-eabi/12.2.1/thumb/v6-m/nofp/crtbegin.o

.tdata          0x2000102c        0x0 load address 0x10008514
                0x2000102c                        . = ALIGN (0x4)
 *(.tdata .tdata.* .gnu.linkonce.td.*)
                0x2000102c                        __tdata_end = .
                0x2000102c                        PROVIDE (__data_end__ = .)
                0x100075a8                        __etext = LOADADDR (.data)

.tbss           0x2000102c        0x0 load address 0x10008514
                0x2000102c                        . = ALIGN (0x4)
                0x2000102c                        __bss_start__ = .
                0x2000102c                        __tls_base = .
 *(.tbss .tbss.* .gnu.linkonce.tb.*)
 *(.tcommon)
                0x2000102c                        __tls_end = .

.bss            0x20001030    0x2132c load address 0x10008514
                0x20001030                        . = ALIGN (0x4)
                0x20001030                        __tbss_end = .
 *(SORT_BY_ALIGNMENT(SORT_BY_NAME(.bss*)))
 .bss.default_alarm_pool_entries
                0x20001030      0x180 CMakeFiles/smart_light.dir/home/pininsu/.pico-sdk/sdk/2.1.1/src/common/pico_time/time.c.o
 .bss.last_avail_time.1
                0x200011b0        0x8 CMakeFiles/smart_light.dir/home/pininsu/.pico-sdk/sdk/2.1.1/src/rp2_common/pico_stdio_usb/stdio_usb.c.o
 .bss.sd_table  0x200011b8      0x100 CMakeFiles/smart_light.dir/home/pininsu/.pico-sdk/sdk/2.1.1/src/rp2_common/pico_double/double_init_rom_rp2040.c.o
                0x200011b8                sd_table
 .bss.sf_table  0x200012b8      0x100 CMakeFiles/smart_light.dir/home/pininsu/.pico-sdk/sdk/2.1.1/src/rp2_common/pico_float/float_init_rom_rp2040.c.o
                0x200012b8                sf_table
 .bss.xQueueRegistry
                0x200013b8       0x40 CMakeFiles/smart_light.dir/FreeRTOS-Kernel/queue.c.o
                0x200013b8                xQueueRegistry
 .bss           0x200013f8       0x1c /usr/lib/gcc/arm-none-eabi/12.2.1/thumb/v6-m/nofp/crtbegin.o
 .bss._app_driver
                0x20001414        0x4 CMakeFiles/smart_light.dir/home/pininsu/.pico-sdk/sdk/2.1.1/lib/tinyusb/src/device/usbd.c.o
 .bss._cdcd_epbuf
                0x20001418       0x80 CMakeFiles/smart_light.dir/home/pininsu/.pico-sdk/sdk/2.1.1/lib/tinyusb/src/class/cdc/cdc_device.c.o
 .bss._cdcd_fifo_cfg
                0x20001498        0x1 CMakeFiles/smart_light.dir/home/pininsu/.pico-sdk/sdk/2.1.1/lib/tinyusb/src/class/cdc/cdc_device.c.o
 *fill*         0x20001499        0x3 
 .bss._cdcd_itf
                0x2000149c       0xc8 CMakeFiles/smart_light.dir/home/pininsu/.pico-sdk/sdk/2.1.1/lib/tinyusb/src/class/cdc/cdc_device.c.o
 .bss._ctrl_epbuf
                0x20001564       0x40 CMakeFiles/smart_light.dir/home/pininsu/.pico-sdk/sdk/2.1.1/lib/tinyusb/src/device/usbd_control.c.o
 .bss._ctrl_xfer
                0x200015a4       0x14 CMakeFiles/smart_light.dir/home/pininsu/.pico-sdk/sdk/2.1.1/lib/tinyusb/src/device/usbd_control.c.o
 .bss._tusb_rhport_role
                0x200015b8        0x2 CMakeFiles/smart_light.dir/home/pininsu/.pico-sdk/sdk/2.1.1/lib/tinyusb/src/tusb.c.o
                0x200015b8                _tusb_rhport_role
 *fill*         0x200015ba        0x2 
 .bss._ubsd_mutexdef
                0x200015bc        0x8 CMakeFiles/smart_light.dir/home/pininsu/.pico-sdk/sdk/2.1.1/lib/tinyusb/src/device/usbd.c.o
 .bss._usbd_dev
                0x200015c4       0x54 CMakeFiles/smart_light.dir/home/pininsu/.pico-sdk/sdk/2.1.1/lib/tinyusb/src/device/usbd.c.o
 .bss._usbd_mutex
                0x20001618        0x4 CMakeFiles/smart_light.dir/home/pininsu/.pico-sdk/sdk/2.1.1/lib/tinyusb/src/device/usbd.c.o
 .bss._usbd_q   0x2000161c        0x4 CMakeFiles/smart_light.dir/home/pininsu/.pico-sdk/sdk/2.1.1/lib/tinyusb/src/device/usbd.c.o
 .bss._usbd_qdef_buf
                0x20001620       0xc0 CMakeFiles/smart_light.dir/home/pininsu/.pico-sdk/sdk/2.1.1/lib/tinyusb/src/device/usbd.c.o
                0x20001620                _usbd_qdef_buf
 .bss._used_instruction_space
                0x200016e0        0x8 CMakeFiles/smart_light.dir/home/pininsu/.pico-sdk/sdk/2.1.1/src/rp2_common/hardware_pio/pio.c.o
 .bss._vendord_epbuf
                0x200016e8       0x80 CMakeFiles/smart_light.dir/home/pininsu/.pico-sdk/sdk/2.1.1/lib/tinyusb/src/class/vendor/vendor_device.c.o
 .bss._vendord_itf
                0x20001768      0x24c CMakeFiles/smart_light.dir/home/pininsu/.pico-sdk/sdk/2.1.1/lib/tinyusb/src/class/vendor/vendor_device.c.o
 .bss.boot2_copyout
                0x200019b4      0x100 CMakeFiles/smart_light.dir/home/pininsu/.pico-sdk/sdk/2.1.1/src/rp2_common/hardware_flash/flash.c.o
 .bss.chars_available_callback
                0x20001ab4        0x4 CMakeFiles/smart_light.dir/home/pininsu/.pico-sdk/sdk/2.1.1/src/rp2_common/pico_stdio_usb/stdio_usb.c.o
 .bss.chars_available_param
                0x20001ab8        0x4 CMakeFiles/smart_light.dir/home/pininsu/.pico-sdk/sdk/2.1.1/src/rp2_common/pico_stdio_usb/stdio_usb.c.o
 .bss.claimed   0x20001abc        0x4 CMakeFiles/smart_light.dir/home/pininsu/.pico-sdk/sdk/2.1.1/src/rp2_common/hardware_sync/sync.c.o
 .bss.claimed   0x20001ac0        0x1 CMakeFiles/smart_light.dir/home/pininsu/.pico-sdk/sdk/2.1.1/src/rp2_common/hardware_timer/timer.c.o
 *fill*         0x20001ac1        0x3 
 .bss.claimed   0x20001ac4        0x1 CMakeFiles/smart_light.dir/home/pininsu/.pico-sdk/sdk/2.1.1/src/rp2_common/hardware_pio/pio.c.o
 *fill*         0x20001ac5        0x3 
 .bss.configured_freq
                0x20001ac8       0x28 CMakeFiles/smart_light.dir/home/pininsu/.pico-sdk/sdk/2.1.1/src/rp2_common/hardware_clocks/clocks.c.o
 .bss.desc_str.0
                0x20001af0       0x28 CMakeFiles/smart_light.dir/home/pininsu/.pico-sdk/sdk/2.1.1/src/rp2_common/pico_stdio_usb/stdio_usb_descriptors.c.o
 .bss.drivers   0x20001b18        0x4 CMakeFiles/smart_light.dir/home/pininsu/.pico-sdk/sdk/2.1.1/src/rp2_common/pico_stdio/stdio.c.o
 .bss.e15_last_sof
                0x20001b1c        0x4 CMakeFiles/smart_light.dir/home/pininsu/.pico-sdk/sdk/2.1.1/lib/tinyusb/src/portable/raspberrypi/rp2040/rp2040_usb.c.o
                0x20001b1c                e15_last_sof
 .bss.filter    0x20001b20        0x4 CMakeFiles/smart_light.dir/home/pininsu/.pico-sdk/sdk/2.1.1/src/rp2_common/pico_stdio/stdio.c.o
 .bss.hw_endpoints
                0x20001b24      0x400 CMakeFiles/smart_light.dir/home/pininsu/.pico-sdk/sdk/2.1.1/lib/tinyusb/src/portable/raspberrypi/rp2040/dcd_rp2040.c.o
 .bss.lazy_vsnprintf
                0x20001f24        0x4 CMakeFiles/smart_light.dir/home/pininsu/.pico-sdk/sdk/2.1.1/src/rp2_common/pico_printf/printf.c.o
 .bss.leds      0x20001f28       0x4b CMakeFiles/smart_light.dir/utilities/neopixel.c.o
                0x20001f28                leds
 *fill*         0x20001f73        0x1 
 .bss.load_value
                0x20001f74        0x4 CMakeFiles/smart_light.dir/home/pininsu/.pico-sdk/sdk/2.1.1/src/rp2_common/hardware_watchdog/watchdog.c.o
 .bss.next_buffer_ptr
                0x20001f78        0x4 CMakeFiles/smart_light.dir/home/pininsu/.pico-sdk/sdk/2.1.1/lib/tinyusb/src/portable/raspberrypi/rp2040/dcd_rp2040.c.o
 .bss.np_pio    0x20001f7c        0x4 CMakeFiles/smart_light.dir/utilities/neopixel.c.o
                0x20001f7c                np_pio
 .bss.one_shot_timer_crit_sec
                0x20001f80        0x8 CMakeFiles/smart_light.dir/home/pininsu/.pico-sdk/sdk/2.1.1/src/rp2_common/pico_stdio_usb/stdio_usb.c.o
 .bss.pools     0x20001f88       0x10 CMakeFiles/smart_light.dir/home/pininsu/.pico-sdk/sdk/2.1.1/src/common/pico_time/time.c.o
 .bss.pxCrossCoreSpinLock
                0x20001f98        0x4 CMakeFiles/smart_light.dir/FreeRTOS-Kernel/portable/ThirdParty/GCC/RP2040/port.c.o
 .bss.pxCurrentTCB
                0x20001f9c        0x4 CMakeFiles/smart_light.dir/FreeRTOS-Kernel/tasks.c.o
                0x20001f9c                pxCurrentTCB
 .bss.pxCurrentTimerList
                0x20001fa0        0x4 CMakeFiles/smart_light.dir/FreeRTOS-Kernel/timers.c.o
 .bss.pxDelayedTaskList
                0x20001fa4        0x4 CMakeFiles/smart_light.dir/FreeRTOS-Kernel/tasks.c.o
 .bss.pxEnd     0x20001fa8        0x4 CMakeFiles/smart_light.dir/FreeRTOS-Kernel/portable/MemMang/heap_4.c.o
 .bss.pxOverflowDelayedTaskList
                0x20001fac        0x4 CMakeFiles/smart_light.dir/FreeRTOS-Kernel/tasks.c.o
 .bss.pxOverflowTimerList
                0x20001fb0        0x4 CMakeFiles/smart_light.dir/FreeRTOS-Kernel/timers.c.o
 .bss.pxReadyTasksLists
                0x20001fb4      0x280 CMakeFiles/smart_light.dir/FreeRTOS-Kernel/tasks.c.o
 .bss.retrieved_id
                0x20002234        0x8 CMakeFiles/smart_light.dir/home/pininsu/.pico-sdk/sdk/2.1.1/src/rp2_common/pico_unique_id/unique_id.c.o
 .bss.sf_clz_func
                0x2000223c        0x4 CMakeFiles/smart_light.dir/home/pininsu/.pico-sdk/sdk/2.1.1/src/rp2_common/pico_double/double_init_rom_rp2040.c.o
                0x2000223c                sf_clz_func
 .bss.sleep_notifier
                0x20002240        0x4 CMakeFiles/smart_light.dir/home/pininsu/.pico-sdk/sdk/2.1.1/src/common/pico_time/time.c.o
 .bss.sm        0x20002244        0x4 CMakeFiles/smart_light.dir/utilities/neopixel.c.o
                0x20002244                sm
 .bss.stdio_usb_mutex
                0x20002248        0x8 CMakeFiles/smart_light.dir/home/pininsu/.pico-sdk/sdk/2.1.1/src/rp2_common/pico_stdio_usb/stdio_usb.c.o
 .bss.ucHeap    0x20002250    0x20000 CMakeFiles/smart_light.dir/FreeRTOS-Kernel/portable/MemMang/heap_4.c.o
 .bss.usbd_serial_str
                0x20022250       0x11 CMakeFiles/smart_light.dir/home/pininsu/.pico-sdk/sdk/2.1.1/src/rp2_common/pico_stdio_usb/stdio_usb_descriptors.c.o
 *fill*         0x20022261        0x3 
 .bss.uxCriticalNesting
                0x20022264        0x4 CMakeFiles/smart_light.dir/FreeRTOS-Kernel/portable/ThirdParty/GCC/RP2040/port.c.o
 .bss.uxCrossCoreEventBits